127.0.0.1 - - [10/Jul/2026:12:12:04 +0000] "HEAD /static/css/main.css HTTP/1.1" 200 17248 "http://google.com" "curl/7.68.0"
8.8.8.8 - - [10/Jul/2026:12:12:06 +0000] "PUT /api/v1/users HTTP/1.1" 200 6738 "-" "Mozilla/5.0 (Linux; Android 10; SM-A505F)"
2001:db8::1 - - [10/Jul/2026:12:12:08 +0000] "DELETE /index.html HTTP/1.1" 200 48074 "http://github.com" "curl/7.68.0"
127.0.0.1 - - [10/Jul/2026:12:12:10 +0000] "PUT /index.html HTTP/1.1" 500 0 "http://github.com" "Mozilla/5.0 (Windows NT 10.0; Win64; x64) AppleWebKit/537.36"
192.168.1.1 - - [10/Jul/2026:12:12:12 +0000] "PUT /index.html HTTP/1.1" 301 0 "http://localhost:8080/" "Mozilla/5.0 (Linux; Android 10; SM-A505F)"
127.0.0.1 - - [10/Jul/2026:12:12:14 +0000] "POST /images/logo.png HTTP/1.1" 304 0 "http://github.com" "Mozilla/5.0 (Linux; Android 10; SM-A505F)"
10.0.0.5 - - [10/Jul/2026:12:12:16 +0000] "POST /api/v1/login HTTP/1.1" 400 0 "http://localhost:8080/" "curl/7.68.0"
10.0.0.5 - - [10/Jul/2026:12:12:18 +0000] "DELETE /api/v1/login HTTP/1.1" 200 13393 "http://localhost:8080/" "curl/7.68.0"
10.0.0.5 - - [10/Jul/2026:12:12:20 +0000] "DELETE /api/v1/login HTTP/1.1" 400 0 "-" "curl/7.68.0"
2001:db8::1 - - [10/Jul/2026:12:12:22 +0000] "DELETE /index.html HTTP/1.1" 500 0 "http://localhost:8080/" "Mozilla/5.0 (Windows NT 10.0; Win64; x64) AppleWebKit/537.36"
8.8.8.8 - - [10/Jul/2026:12:12:24 +0000] "DELETE /api/v1/login HTTP/1.1" 301 0 "http://localhost:8080/" "Go-http-client/1.1"
8.8.8.8 - - [10/Jul/2026:12:12:26 +0000] "HEAD /api/v1/users HTTP/1.1" 304 0 "http://localhost:8080/" "Mozilla/5.0 (Windows NT 10.0; Win64; x64) AppleWebKit/537.36"
192.168.1.1 - - [10/Jul/2026:12:12:28 +0000] "GET /index.html HTTP/1.1" 404 0 "http://localhost:8080/" "Mozilla/5.0 (Macintosh; Intel Mac OS X 10_15_7)"
127.0.0.1 - - [10/Jul/2026:12:12:30 +0000] "HEAD /api/v1/login HTTP/1.1" 503 0 "http://github.com" "Mozilla/5.0 (Macintosh; Intel Mac OS X 10_15_7)"
127.0.0.1 - - [10/Jul/2026:12:12:32 +0000] "POST /static/css/main.css HTTP/1.1" 403 0 "http://google.com" "Go-http-client/1.1"
127.0.0.1 - - [10/Jul/2026:12:12:34 +0000] "PUT /images/logo.png HTTP/1.1" 403 0 "http://google.com" "curl/7.68.0"
2001:db8::1 - - [10/Jul/2026:12:12:36 +0000] "HEAD /images/logo.png HTTP/1.1" 403 0 "-" "Mozilla/5.0 (Macintosh; Intel Mac OS X 10_15_7)"
8.8.8.8 - - [10/Jul/2026:12:12:38 +0000] "DELETE /api/v1/login HTTP/1.1" 200 15573 "http://localhost:8080/" "curl/7.68.0"
127.0.0.1 - - [10/Jul/2026:12:12:40 +0000] "DELETE /api/v1/login HTTP/1.1" 304 0 "http://github.com" "Mozilla/5.0 (Windows NT 10.0; Win64; x64) AppleWebKit/537.36"
192.168.1.1 - - [10/Jul/2026:12:12:42 +0000] "HEAD /api/v1/login HTTP/1.1" 503 0 "http://localhost:8080/" "curl/7.68.0"
2001:db8::1 - - [10/Jul/2026:12:12:44 +0000] "POST /api/v1/login HTTP/1.1" 200 42888 "http://localhost:8080/" "Mozilla/5.0 (Windows NT 10.0; Win64; x64) AppleWebKit/537.36"
127.0.0.1 - - [10/Jul/2026:12:12:46 +0000] "GET /index.html HTTP/1.1" 400 0 "http://localhost:8080/" "Mozilla/5.0 (Linux; Android 10; SM-A505F)"
10.0.0.5 - - [10/Jul/2026:12:12:48 +0000] "POST /api/v1/login HTTP/1.1" 403 0 "-" "Mozilla/5.0 (Macintosh; Intel Mac OS X 10_15_7)"
127.0.0.1 - - [10/Jul/2026:12:12:50 +0000] "DELETE /api/v1/login HTTP/1.1" 403 0 "http://github.com" "Mozilla/5.0 (Linux; Android 10; SM-A505F)"
127.0.0.1 - - [10/Jul/2026:12:12:52 +0000] "HEAD /index.html HTTP/1.1" 200 19173 "http://localhost:8080/" "curl/7.68.0"
10.0.0.5 - - [10/Jul/2026:12:12:54 +0000] "HEAD /static/css/main.css HTTP/1.1" 503 0 "http://localhost:8080/" "Mozilla/5.0 (Windows NT 10.0; Win64; x64) AppleWebKit/537.36"
127.0.0.1 - - [10/Jul/2026:12:12:56 +0000] "GET /index.html HTTP/1.1" 404 0 "http://github.com" "Mozilla/5.0 (Linux; Android 10; SM-A505F)"
2001:db8::1 - - [10/Jul/2026:12:12:58 +0000] "POST /api/v1/login HTTP/1.1" 404 0 "http://localhost:8080/" "Mozilla/5.0 (Macintosh; Intel Mac OS X 10_15_7)"
2001:db8::1 - - [10/Jul/2026:12:13:00 +0000] "POST /api/v1/users HTTP/1.1" 301 0 "http://google.com" "Mozilla/5.0 (Linux; Android 10; SM-A505F)"
10.0.0.5 - - [10/Jul/2026:12:13:02 +0000] "PUT /api/v1/login HTTP/1.1" 200 36730 "-" "Mozilla/5.0 (Windows NT 10.0; Win64; x64) AppleWebKit/537.36"
127.0.0.1 - - [10/Jul/2026:12:13:04 +0000] "PUT /images/logo.png HTTP/1.1" 400 0 "http://google.com" "Mozilla/5.0 (Windows NT 10.0; Win64; x64) AppleWebKit/537.36"
2001:db8::1 - - [10/Jul/2026:12:13:06 +0000] "PUT /static/css/main.css HTTP/1.1" 404 0 "http://google.com" "Mozilla/5.0 (Linux; Android 10; SM-A505F)"
10.0.0.5 - - [10/Jul/2026:12:13:08 +0000] "POST /api/v1/users HTTP/1.1" 200 43759 "-" "Go-http-client/1.1"
10.0.0.5 - - [10/Jul/2026:12:13:10 +0000] "POST /static/css/main.css HTTP/1.1" 200 44314 "http://localhost:8080/" "Mozilla/5.0 (Linux; Android 10; SM-A505F)"
10.0.0.5 - - [10/Jul/2026:12:13:12 +0000] "PUT /api/v1/login HTTP/1.1" 400 0 "http://google.com" "Mozilla/5.0 (Linux; Android 10; SM-A505F)"
8.8.8.8 - - [10/Jul/2026:12:13:14 +0000] "GET /api/v1/users HTTP/1.1" 304 0 "-" "Mozilla/5.0 (Macintosh; Intel Mac OS X 10_15_7)"
127.0.0.1 - - [10/Jul/2026:12:13:16 +0000] "GET /static/css/main.css HTTP/1.1" 200 36595 "-" "curl/7.68.0"
127.0.0.1 - - [10/Jul/2026:12:13:18 +0000] "DELETE /index.html HTTP/1.1" 304 0 "-" "Mozilla/5.0 (Windows NT 10.0; Win64; x64) AppleWebKit/537.36"
10.0.0.5 - - [10/Jul/2026:12:13:20 +0000] "POST /index.html HTTP/1.1" 400 0 "http://google.com" "Mozilla/5.0 (Linux; Android 10; SM-A505F)"
192.168.1.1 - - [10/Jul/2026:12:13:22 +0000] "GET /index.html HTTP/1.1" 404 0 "http://google.com" "Mozilla/5.0 (Macintosh; Intel Mac OS X 10_15_7)"
127.0.0.1 - - [10/Jul/2026:12:13:24 +0000] "HEAD /api/v1/login HTTP/1.1" 200 44344 "-" "Mozilla/5.0 (Macintosh; Intel Mac OS X 10_15_7)"
2001:db8::1 - - [10/Jul/2026:12:13:26 +0000] "POST /index.html HTTP/1.1" 200 39861 "http://localhost:8080/" "Go-http-client/1.1"
192.168.1.1 - - [10/Jul/2026:12:13:28 +0000] "PUT /static/css/main.css HTTP/1.1" 503 0 "http://google.com" "Mozilla/5.0 (Macintosh; Intel Mac OS X 10_15_7)"
127.0.0.1 - - [10/Jul/2026:12:13:30 +0000] "GET /images/logo.png HTTP/1.1" 200 5092 "-" "Mozilla/5.0 (Macintosh; Intel Mac OS X 10_15_7)"
8.8.8.8 - - [10/Jul/2026:12:13:32 +0000] "GET /api/v1/login HTTP/1.1" 403 0 "http://google.com" "Mozilla/5.0 (Linux; Android 10; SM-A505F)"
2001:db8::1 - - [10/Jul/2026:12:13:34 +0000] "GET /index.html HTTP/1.1" 503 0 "http://google.com" "Mozilla/5.0 (Linux; Android 10; SM-A505F)"
192.168.1.1 - - [10/Jul/2026:12:13:36 +0000] "POST /index.html HTTP/1.1" 200 7290 "http://google.com" "curl/7.68.0"
192.168.1.1 - - [10/Jul/2026:12:13:38 +0000] "HEAD /index.html HTTP/1.1" 500 0 "http://github.com" "Mozilla/5.0 (Macintosh; Intel Mac OS X 10_15_7)"
10.0.0.5 - - [10/Jul/2026:12:13:40 +0000] "HEAD /api/v1/login HTTP/1.1" 301 0 "-" "Go-http-client/1.1"
2001:db8::1 - - [10/Jul/2026:12:13:42 +0000] "GET /images/logo.png HTTP/1.1" 403 0 "http://github.com" "Mozilla/5.0 (Windows NT 10.0; Win64; x64) AppleWebKit/537.36"
127.0.0.1 - - [10/Jul/2026:12:13:44 +0000] "GET /images/logo.png HTTP/1.1" 200 10243 "http://github.com" "curl/7.68.0"
192.168.1.1 - - [10/Jul/2026:12:13:46 +0000] "HEAD /api/v1/users HTTP/1.1" 403 0 "-" "Mozilla/5.0 (Windows NT 10.0; Win64; x64) AppleWebKit/537.36"
8.8.8.8 - - [10/Jul/2026:12:13:48 +0000] "PUT /api/v1/login HTTP/1.1" 304 0 "http://localhost:8080/" "Mozilla/5.0 (Windows NT 10.0; Win64; x64) AppleWebKit/537.36"
10.0.0.5 - - [10/Jul/2026:12:13:50 +0000] "HEAD /api/v1/users HTTP/1.1" 404 0 "http://localhost:8080/" "Go-http-client/1.1"
127.0.0.1 - - [10/Jul/2026:12:13:52 +0000] "POST /api/v1/users HTTP/1.1" 503 0 "-" "Mozilla/5.0 (Macintosh; Intel Mac OS X 10_15_7)"
8.8.8.8 - - [10/Jul/2026:12:13:54 +0000] "HEAD /static/css/main.css HTTP/1.1" 200 14003 "-" "Mozilla/5.0 (Linux; Android 10; SM-A505F)"
2001:db8::1 - - [10/Jul/2026:12:13:56 +0000] "POST /api/v1/users HTTP/1.1" 503 0 "http://localhost:8080/" "Mozilla/5.0 (Windows NT 10.0; Win64; x64) AppleWebKit/537.36"
127.0.0.1 - - [10/Jul/2026:12:13:58 +0000] "PUT /static/css/main.css HTTP/1.1" 304 0 "http://github.com" "Mozilla/5.0 (Windows NT 10.0; Win64; x64) AppleWebKit/537.36"
8.8.8.8 - - [10/Jul/2026:12:14:00 +0000] "GET /api/v1/users HTTP/1.1" 200 45305 "-" "Mozilla/5.0 (Windows NT 10.0; Win64; x64) AppleWebKit/537.36"
2001:db8::1 - - [10/Jul/2026:12:14:02 +0000] "PUT /static/css/main.css HTTP/1.1" 304 0 "-" "curl/7.68.0"
127.0.0.1 - - [10/Jul/2026:12:14:04 +0000] "HEAD /images/logo.png HTTP/1.1" 403 0 "http://google.com" "Mozilla/5.0 (Windows NT 10.0; Win64; x64) AppleWebKit/537.36"
2001:db8::1 - - [10/Jul/2026:12:14:06 +0000] "PUT /api/v1/login HTTP/1.1" 500 0 "http://google.com" "Mozilla/5.0 (Windows NT 10.0; Win64; x64) AppleWebKit/537.36"
10.0.0.5 - - [10/Jul/2026:12:14:08 +0000] "DELETE /api/v1/login HTTP/1.1" 200 33633 "http://localhost:8080/" "Mozilla/5.0 (Macintosh; Intel Mac OS X 10_15_7)"
2001:db8::1 - - [10/Jul/2026:12:14:10 +0000] "POST /index.html HTTP/1.1" 200 14687 "http://github.com" "Mozilla/5.0 (Linux; Android 10; SM-A505F)"
192.168.1.1 - - [10/Jul/2026:12:14:12 +0000] "POST /index.html HTTP/1.1" 200 27200 "http://localhost:8080/" "Mozilla/5.0 (Macintosh; Intel Mac OS X 10_15_7)"
192.168.1.1 - - [10/Jul/2026:12:14:14 +0000] "PUT /api/v1/users HTTP/1.1" 503 0 "-" "Mozilla/5.0 (Macintosh; Intel Mac OS X 10_15_7)"
8.8.8.8 - - [10/Jul/2026:12:14:16 +0000] "GET /api/v1/login HTTP/1.1" 200 38609 "http://localhost:8080/" "Mozilla/5.0 (Macintosh; Intel Mac OS X 10_15_7)"
192.168.1.1 - - [10/Jul/2026:12:14:18 +0000] "POST /api/v1/users HTTP/1.1" 503 0 "http://github.com" "curl/7.68.0"
2001:db8::1 - - [10/Jul/2026:12:14:20 +0000] "GET /index.html HTTP/1.1" 503 0 "http://localhost:8080/" "Mozilla/5.0 (Windows NT 10.0; Win64; x64) AppleWebKit/537.36"
8.8.8.8 - - [10/Jul/2026:12:14:22 +0000] "DELETE /images/logo.png HTTP/1.1" 500 0 "-" "Go-http-client/1.1"
8.8.8.8 - - [10/Jul/2026:12:14:24 +0000] "POST /static/css/main.css HTTP/1.1" 403 0 "http://localhost:8080/" "Mozilla/5.0 (Macintosh; Intel Mac OS X 10_15_7)"
10.0.0.5 - - [10/Jul/2026:12:14:26 +0000] "GET /api/v1/users HTTP/1.1" 200 49218 "http://github.com" "Go-http-client/1.1"
2001:db8::1 - - [10/Jul/2026:12:14:28 +0000] "DELETE /index.html HTTP/1.1" 200 26448 "http://localhost:8080/" "curl/7.68.0"
127.0.0.1 - - [10/Jul/2026:12:14:30 +0000] "DELETE /index.html HTTP/1.1" 304 0 "http://google.com" "Mozilla/5.0 (Windows NT 10.0; Win64; x64) AppleWebKit/537.36"
192.168.1.1 - - [10/Jul/2026:12:14:32 +0000] "GET /api/v1/users HTTP/1.1" 400 0 "http://google.com" "Go-http-client/1.1"
192.168.1.1 - - [10/Jul/2026:12:14:34 +0000] "POST /static/css/main.css HTTP/1.1" 200 17580 "-" "Mozilla/5.0 (Windows NT 10.0; Win64; x64) AppleWebKit/537.36"
2001:db8::1 - - [10/Jul/2026:12:14:36 +0000] "DELETE /api/v1/login HTTP/1.1" 403 0 "-" "curl/7.68.0"
2001:db8::1 - - [10/Jul/2026:12:14:38 +0000] "GET /static/css/main.css HTTP/1.1" 301 0 "http://localhost:8080/" "Mozilla/5.0 (Macintosh; Intel Mac OS X 10_15_7)"
10.0.0.5 - - [10/Jul/2026:12:14:40 +0000] "PUT /static/css/main.css HTTP/1.1" 200 2197 "-" "Mozilla/5.0 (Linux; Android 10; SM-A505F)"
10.0.0.5 - - [10/Jul/2026:12:14:42 +0000] "GET /static/css/main.css HTTP/1.1" 503 0 "-" "Mozilla/5.0 (Macintosh; Intel Mac OS X 10_15_7)"
2001:db8::1 - - [10/Jul/2026:12:14:44 +0000] "PUT /api/v1/login HTTP/1.1" 400 0 "-" "Mozilla/5.0 (Linux; Android 10; SM-A505F)"
10.0.0.5 - - [10/Jul/2026:12:14:46 +0000] "PUT /api/v1/login HTTP/1.1" 503 0 "http://localhost:8080/" "Mozilla/5.0 (Windows NT 10.0; Win64; x64) AppleWebKit/537.36"
10.0.0.5 - - [10/Jul/2026:12:14:48 +0000] "DELETE /index.html HTTP/1.1" 500 0 "http://localhost:8080/" "Mozilla/5.0 (Macintosh; Intel Mac OS X 10_15_7)"
2001:db8::1 - - [10/Jul/2026:12:14:50 +0000] "HEAD /static/css/main.css HTTP/1.1" 200 12727 "http://google.com" "Mozilla/5.0 (Macintosh; Intel Mac OS X 10_15_7)"
10.0.0.5 - - [10/Jul/2026:12:14:52 +0000] "GET /index.html HTTP/1.1" 400 0 "http://google.com" "Go-http-client/1.1"
10.0.0.5 - - [10/Jul/2026:12:14:54 +0000] "HEAD /static/css/main.css HTTP/1.1" 301 0 "-" "Mozilla/5.0 (Macintosh; Intel Mac OS X 10_15_7)"
8.8.8.8 - - [10/Jul/2026:12:14:56 +0000] "POST /api/v1/login HTTP/1.1" 304 0 "http://github.com" "Go-http-client/1.1"
127.0.0.1 - - [10/Jul/2026:12:14:58 +0000] "POST /images/logo.png HTTP/1.1" 400 0 "http://google.com" "curl/7.68.0"
192.168.1.1 - - [10/Jul/2026:12:15:00 +0000] "HEAD /index.html HTTP/1.1" 200 8811 "-" "Mozilla/5.0 (Macintosh; Intel Mac OS X 10_15_7)"
192.168.1.1 - - [10/Jul/2026:12:15:02 +0000] "HEAD /static/css/main.css HTTP/1.1" 200 38658 "-" "Go-http-client/1.1"
10.0.0.5 - - [10/Jul/2026:12:15:04 +0000] "DELETE /index.html HTTP/1.1" 200 849 "-" "Go-http-client/1.1"
10.0.0.5 - - [10/Jul/2026:12:15:06 +0000] "POST /static/css/main.css HTTP/1.1" 400 0 "http://localhost:8080/" "Go-http-client/1.1"
10.0.0.5 - - [10/Jul/2026:12:15:08 +0000] "PUT /api/v1/login HTTP/1.1" 200 31150 "http://github.com" "Mozilla/5.0 (Macintosh; Intel Mac OS X 10_15_7)"
192.168.1.1 - - [10/Jul/2026:12:15:10 +0000] "HEAD /api/v1/users HTTP/1.1" 403 0 "http://github.com" "Mozilla/5.0 (Macintosh; Intel Mac OS X 10_15_7)"
2001:db8::1 - - [10/Jul/2026:12:15:12 +0000] "POST /api/v1/users HTTP/1.1" 200 49952 "http://github.com" "curl/7.68.0"
10.0.0.5 - - [10/Jul/2026:12:15:14 +0000] "PUT /index.html HTTP/1.1" 404 0 "http://google.com" "Mozilla/5.0 (Macintosh; Intel Mac OS X 10_15_7)"
8.8.8.8 - - [10/Jul/2026:12:15:16 +0000] "GET /api/v1/users HTTP/1.1" 301 0 "http://github.com" "Mozilla/5.0 (Macintosh; Intel Mac OS X 10_15_7)"
127.0.0.1 - - [10/Jul/2026:12:15:18 +0000] "POST /static/css/main.css HTTP/1.1" 503 0 "http://github.com" "Mozilla/5.0 (Macintosh; Intel Mac OS X 10_15_7)"
192.168.1.1 - - [10/Jul/2026:12:15:20 +0000] "GET /api/v1/login HTTP/1.1" 503 0 "http://google.com" "curl/7.68.0"
192.168.1.1 - - [10/Jul/2026:12:15:22 +0000] "DELETE /static/css/main.css HTTP/1.1" 400 0 "http://github.com" "Go-http-client/1.1"
8.8.8.8 - - [10/Jul/2026:12:15:24 +0000] "GET /api/v1/login HTTP/1.1" 304 0 "http://localhost:8080/" "Mozilla/5.0 (Linux; Android 10; SM-A505F)"
8.8.8.8 - - [10/Jul/2026:12:15:26 +0000] "DELETE /api/v1/login HTTP/1.1" 304 0 "-" "Mozilla/5.0 (Linux; Android 10; SM-A505F)"
192.168.1.1 - - [10/Jul/2026:12:15:28 +0000] "DELETE /static/css/main.css HTTP/1.1" 304 0 "http://google.com" "Go-http-client/1.1"
192.168.1.1 - - [10/Jul/2026:12:15:30 +0000] "DELETE /api/v1/login HTTP/1.1" 400 0 "http://github.com" "curl/7.68.0"
10.0.0.5 - - [10/Jul/2026:12:15:32 +0000] "GET /images/logo.png HTTP/1.1" 404 0 "http://localhost:8080/" "Go-http-client/1.1"
10.0.0.5 - - [10/Jul/2026:12:15:34 +0000] "DELETE /static/css/main.css HTTP/1.1" 403 0 "http://localhost:8080/" "Mozilla/5.0 (Linux; Android 10; SM-A505F)"
192.168.1.1 - - [10/Jul/2026:12:15:36 +0000] "PUT /api/v1/users HTTP/1.1" 403 0 "http://localhost:8080/" "Go-http-client/1.1"
10.0.0.5 - - [10/Jul/2026:12:15:38 +0000] "DELETE /images/logo.png HTTP/1.1" 404 0 "http://github.com" "Mozilla/5.0 (Linux; Android 10; SM-A505F)"
192.168.1.1 - - [10/Jul/2026:12:15:40 +0000] "PUT /api/v1/login HTTP/1.1" 404 0 "http://google.com" "curl/7.68.0"
8.8.8.8 - - [10/Jul/2026:12:15:42 +0000] "PUT /api/v1/login HTTP/1.1" 503 0 "-" "Mozilla/5.0 (Linux; Android 10; SM-A505F)"
2001:db8::1 - - [10/Jul/2026:12:15:44 +0000] "PUT /api/v1/login HTTP/1.1" 200 38038 "http://localhost:8080/" "Mozilla/5.0 (Macintosh; Intel Mac OS X 10_15_7)"
127.0.0.1 - - [10/Jul/2026:12:15:46 +0000] "PUT /api/v1/users HTTP/1.1" 200 7911 "http://github.com" "Go-http-client/1.1"
10.0.0.5 - - [10/Jul/2026:12:15:48 +0000] "HEAD /api/v1/login HTTP/1.1" 200 20697 "-" "Mozilla/5.0 (Windows NT 10.0; Win64; x64) AppleWebKit/537.36"
192.168.1.1 - - [10/Jul/2026:12:15:50 +0000] "POST /api/v1/login HTTP/1.1" 400 0 "http://google.com" "curl/7.68.0"
2001:db8::1 - - [10/Jul/2026:12:15:52 +0000] "GET /api/v1/users HTTP/1.1" 304 0 "http://google.com" "Go-http-client/1.1"
8.8.8.8 - - [10/Jul/2026:12:15:54 +0000] "DELETE /api/v1/users HTTP/1.1" 500 0 "-" "Mozilla/5.0 (Windows NT 10.0; Win64; x64) AppleWebKit/537.36"
8.8.8.8 - - [10/Jul/2026:12:15:56 +0000] "GET /images/logo.png HTTP/1.1" 200 43133 "http://google.com" "Mozilla/5.0 (Macintosh; Intel Mac OS X 10_15_7)"
10.0.0.5 - - [10/Jul/2026:12:15:58 +0000] "PUT /index.html HTTP/1.1" 200 39751 "http://google.com" "Mozilla/5.0 (Windows NT 10.0; Win64; x64) AppleWebKit/537.36"
10.0.0.5 - - [10/Jul/2026:12:16:00 +0000] "DELETE /index.html HTTP/1.1" 200 17428 "-" "Go-http-client/1.1"
127.0.0.1 - - [10/Jul/2026:12:16:02 +0000] "GET /api/v1/login HTTP/1.1" 500 0 "-" "Go-http-client/1.1"
8.8.8.8 - - [10/Jul/2026:12:16:04 +0000] "HEAD /images/logo.png HTTP/1.1" 403 0 "-" "Mozilla/5.0 (Linux; Android 10; SM-A505F)"
8.8.8.8 - - [10/Jul/2026:12:16:06 +0000] "POST /images/logo.png HTTP/1.1" 404 0 "http://google.com" "curl/7.68.0"
10.0.0.5 - - [10/Jul/2026:12:16:08 +0000] "GET /images/logo.png HTTP/1.1" 200 41515 "http://localhost:8080/" "Go-http-client/1.1"
127.0.0.1 - - [10/Jul/2026:12:16:10 +0000] "PUT /index.html HTTP/1.1" 200 29396 "-" "Mozilla/5.0 (Linux; Android 10; SM-A505F)"
2001:db8::1 - - [10/Jul/2026:12:16:12 +0000] "HEAD /images/logo.png HTTP/1.1" 200 11799 "http://google.com" "Mozilla/5.0 (Macintosh; Intel Mac OS X 10_15_7)"
2001:db8::1 - - [10/Jul/2026:12:16:14 +0000] "DELETE /images/logo.png HTTP/1.1" 400 0 "-" "Mozilla/5.0 (Linux; Android 10; SM-A505F)"
10.0.0.5 - - [10/Jul/2026:12:16:16 +0000] "HEAD /api/v1/users HTTP/1.1" 400 0 "http://google.com" "Mozilla/5.0 (Windows NT 10.0; Win64; x64) AppleWebKit/537.36"
10.0.0.5 - - [10/Jul/2026:12:16:18 +0000] "PUT /api/v1/login HTTP/1.1" 200 27750 "http://google.com" "Mozilla/5.0 (Linux; Android 10; SM-A505F)"
2001:db8::1 - - [10/Jul/2026:12:16:20 +0000] "POST /api/v1/login HTTP/1.1" 400 0 "http://github.com" "curl/7.68.0"
192.168.1.1 - - [10/Jul/2026:12:16:22 +0000] "POST /index.html HTTP/1.1" 301 0 "http://google.com" "Mozilla/5.0 (Macintosh; Intel Mac OS X 10_15_7)"
2001:db8::1 - - [10/Jul/2026:12:16:24 +0000] "HEAD /api/v1/users HTTP/1.1" 200 45471 "-" "Go-http-client/1.1"
127.0.0.1 - - [10/Jul/2026:12:16:26 +0000] "GET /images/logo.png HTTP/1.1" 200 13352 "http://github.com" "Mozilla/5.0 (Macintosh; Intel Mac OS X 10_15_7)"
127.0.0.1 - - [10/Jul/2026:12:16:28 +0000] "PUT /images/logo.png HTTP/1.1" 403 0 "-" "curl/7.68.0"
10.0.0.5 - - [10/Jul/2026:12:16:30 +0000] "POST /images/logo.png HTTP/1.1" 500 0 "http://localhost:8080/" "Mozilla/5.0 (Linux; Android 10; SM-A505F)"
127.0.0.1 - - [10/Jul/2026:12:16:32 +0000] "DELETE /api/v1/login HTTP/1.1" 503 0 "http://google.com" "curl/7.68.0"
10.0.0.5 - - [10/Jul/2026:12:16:34 +0000] "POST /api/v1/login HTTP/1.1" 200 25301 "http://github.com" "Mozilla/5.0 (Linux; Android 10; SM-A505F)"
192.168.1.1 - - [10/Jul/2026:12:16:36 +0000] "POST /api/v1/login HTTP/1.1" 400 0 "http://github.com" "Go-http-client/1.1"
10.0.0.5 - - [10/Jul/2026:12:16:38 +0000] "PUT /static/css/main.css HTTP/1.1" 500 0 "http://google.com" "Mozilla/5.0 (Linux; Android 10; SM-A505F)"
