8.8.8.8 - - [10/Jul/2026:12:00:00 +0000] "HEAD /static/css/main.css HTTP/1.1" 404 0 "-" "curl/7.68.0"
8.8.8.8 - - [10/Jul/2026:12:00:02 +0000] "POST /api/v1/login HTTP/1.1" 400 0 "http://github.com" "curl/7.68.0"
192.168.1.1 - - [10/Jul/2026:12:00:04 +0000] "HEAD /api/v1/login HTTP/1.1" 301 0 "http://github.com" "curl/7.68.0"
127.0.0.1 - - [10/Jul/2026:12:00:06 +0000] "HEAD /static/css/main.css HTTP/1.1" 403 0 "http://google.com" "Mozilla/5.0 (Windows NT 10.0; Win64; x64) AppleWebKit/537.36"
192.168.1.1 - - [10/Jul/2026:12:00:08 +0000] "PUT /static/css/main.css HTTP/1.1" 304 0 "http://localhost:8080/" "Go-http-client/1.1"
127.0.0.1 - - [10/Jul/2026:12:00:10 +0000] "PUT /static/css/main.css HTTP/1.1" 503 0 "http://google.com" "curl/7.68.0"
192.168.1.1 - - [10/Jul/2026:12:00:12 +0000] "HEAD /images/logo.png HTTP/1.1" 403 0 "http://google.com" "Go-http-client/1.1"
2001:db8::1 - - [10/Jul/2026:12:00:14 +0000] "POST /index.html HTTP/1.1" 200 18002 "http://github.com" "Go-http-client/1.1"
8.8.8.8 - - [10/Jul/2026:12:00:16 +0000] "PUT /api/v1/login HTTP/1.1" 403 0 "http://google.com" "Mozilla/5.0 (Macintosh; Intel Mac OS X 10_15_7)"
192.168.1.1 - - [10/Jul/2026:12:00:18 +0000] "HEAD /index.html HTTP/1.1" 404 0 "http://google.com" "Mozilla/5.0 (Windows NT 10.0; Win64; x64) AppleWebKit/537.36"
192.168.1.1 - - [10/Jul/2026:12:00:20 +0000] "POST /api/v1/login HTTP/1.1" 200 19769 "http://localhost:8080/" "Mozilla/5.0 (Linux; Android 10; SM-A505F)"
10.0.0.5 - - [10/Jul/2026:12:00:22 +0000] "HEAD /static/css/main.css HTTP/1.1" 503 0 "-" "Mozilla/5.0 (Macintosh; Intel Mac OS X 10_15_7)"
8.8.8.8 - - [10/Jul/2026:12:00:24 +0000] "DELETE /api/v1/users HTTP/1.1" 500 0 "-" "Go-http-client/1.1"
192.168.1.1 - - [10/Jul/2026:12:00:26 +0000] "PUT /images/logo.png HTTP/1.1" 500 0 "http://google.com" "Go-http-client/1.1"
127.0.0.1 - - [10/Jul/2026:12:00:28 +0000] "GET /api/v1/users HTTP/1.1" 400 0 "http://google.com" "Go-http-client/1.1"
192.168.1.1 - - [10/Jul/2026:12:00:30 +0000] "DELETE /index.html HTTP/1.1" 301 0 "http://github.com" "Mozilla/5.0 (Windows NT 10.0; Win64; x64) AppleWebKit/537.36"
192.168.1.1 - - [10/Jul/2026:12:00:32 +0000] "HEAD /api/v1/login HTTP/1.1" 200 47815 "http://google.com" "curl/7.68.0"
127.0.0.1 - - [10/Jul/2026:12:00:34 +0000] "POST /index.html HTTP/1.1" 500 0 "-" "Mozilla/5.0 (Windows NT 10.0; Win64; x64) AppleWebKit/537.36"
127.0.0.1 - - [10/Jul/2026:12:00:36 +0000] "DELETE /api/v1/users HTTP/1.1" 200 20925 "http://github.com" "Go-http-client/1.1"
192.168.1.1 - - [10/Jul/2026:12:00:38 +0000] "DELETE /index.html HTTP/1.1" 304 0 "-" "Mozilla/5.0 (Macintosh; Intel Mac OS X 10_15_7)"
192.168.1.1 - - [10/Jul/2026:12:00:40 +0000] "HEAD /api/v1/users HTTP/1.1" 200 17508 "http://google.com" "Mozilla/5.0 (Macintosh; Intel Mac OS X 10_15_7)"
2001:db8::1 - - [10/Jul/2026:12:00:42 +0000] "POST /api/v1/users HTTP/1.1" 404 0 "http://github.com" "Mozilla/5.0 (Macintosh; Intel Mac OS X 10_15_7)"
2001:db8::1 - - [10/Jul/2026:12:00:44 +0000] "HEAD /static/css/main.css HTTP/1.1" 503 0 "http://github.com" "Go-http-client/1.1"
10.0.0.5 - - [10/Jul/2026:12:00:46 +0000] "HEAD /static/css/main.css HTTP/1.1" 503 0 "http://google.com" "Mozilla/5.0 (Macintosh; Intel Mac OS X 10_15_7)"
127.0.0.1 - - [10/Jul/2026:12:00:48 +0000] "DELETE /images/logo.png HTTP/1.1" 301 0 "-" "Mozilla/5.0 (Linux; Android 10; SM-A505F)"
8.8.8.8 - - [10/Jul/2026:12:00:50 +0000] "PUT /static/css/main.css HTTP/1.1" 400 0 "http://localhost:8080/" "curl/7.68.0"
8.8.8.8 - - [10/Jul/2026:12:00:52 +0000] "PUT /static/css/main.css HTTP/1.1" 500 0 "http://google.com" "Mozilla/5.0 (Linux; Android 10; SM-A505F)"
127.0.0.1 - - [10/Jul/2026:12:00:54 +0000] "PUT /index.html HTTP/1.1" 304 0 "http://localhost:8080/" "Mozilla/5.0 (Macintosh; Intel Mac OS X 10_15_7)"
8.8.8.8 - - [10/Jul/2026:12:00:56 +0000] "GET /index.html HTTP/1.1" 301 0 "http://github.com" "curl/7.68.0"
192.168.1.1 - - [10/Jul/2026:12:00:58 +0000] "HEAD /images/logo.png HTTP/1.1" 200 2280 "http://localhost:8080/" "Mozilla/5.0 (Windows NT 10.0; Win64; x64) AppleWebKit/537.36"
10.0.0.5 - - [10/Jul/2026:12:01:00 +0000] "HEAD /api/v1/users HTTP/1.1" 200 26966 "http://github.com" "Mozilla/5.0 (Macintosh; Intel Mac OS X 10_15_7)"
192.168.1.1 - - [10/Jul/2026:12:01:02 +0000] "POST /images/logo.png HTTP/1.1" 400 0 "http://localhost:8080/" "Mozilla/5.0 (Linux; Android 10; SM-A505F)"
127.0.0.1 - - [10/Jul/2026:12:01:04 +0000] "POST /api/v1/users HTTP/1.1" 304 0 "http://github.com" "Mozilla/5.0 (Linux; Android 10; SM-A505F)"
8.8.8.8 - - [10/Jul/2026:12:01:06 +0000] "PUT /static/css/main.css HTTP/1.1" 404 0 "http://localhost:8080/" "Mozilla/5.0 (Windows NT 10.0; Win64; x64) AppleWebKit/537.36"
10.0.0.5 - - [10/Jul/2026:12:01:08 +0000] "PUT /static/css/main.css HTTP/1.1" 304 0 "-" "Mozilla/5.0 (Windows NT 10.0; Win64; x64) AppleWebKit/537.36"
192.168.1.1 - - [10/Jul/2026:12:01:10 +0000] "DELETE /api/v1/users HTTP/1.1" 304 0 "http://google.com" "Mozilla/5.0 (Macintosh; Intel Mac OS X 10_15_7)"
10.0.0.5 - - [10/Jul/2026:12:01:12 +0000] "HEAD /images/logo.png HTTP/1.1" 304 0 "-" "Mozilla/5.0 (Macintosh; Intel Mac OS X 10_15_7)"
8.8.8.8 - - [10/Jul/2026:12:01:14 +0000] "HEAD /images/logo.png HTTP/1.1" 200 4852 "http://localhost:8080/" "Mozilla/5.0 (Windows NT 10.0; Win64; x64) AppleWebKit/537.36"
192.168.1.1 - - [10/Jul/2026:12:01:16 +0000] "HEAD /index.html HTTP/1.1" 403 0 "http://google.com" "Go-http-client/1.1"
10.0.0.5 - - [10/Jul/2026:12:01:18 +0000] "DELETE /api/v1/login HTTP/1.1" 304 0 "http://github.com" "Go-http-client/1.1"
8.8.8.8 - - [10/Jul/2026:12:01:20 +0000] "POST /api/v1/users HTTP/1.1" 400 0 "http://github.com" "curl/7.68.0"
10.0.0.5 - - [10/Jul/2026:12:01:22 +0000] "PUT /api/v1/users HTTP/1.1" 503 0 "http://google.com" "Mozilla/5.0 (Linux; Android 10; SM-A505F)"
10.0.0.5 - - [10/Jul/2026:12:01:24 +0000] "POST /api/v1/login HTTP/1.1" 403 0 "-" "Go-http-client/1.1"
2001:db8::1 - - [10/Jul/2026:12:01:26 +0000] "GET /api/v1/users HTTP/1.1" 500 0 "-" "Mozilla/5.0 (Linux; Android 10; SM-A505F)"
127.0.0.1 - - [10/Jul/2026:12:01:28 +0000] "PUT /api/v1/users HTTP/1.1" 404 0 "-" "curl/7.68.0"
192.168.1.1 - - [10/Jul/2026:12:01:30 +0000] "DELETE /api/v1/users HTTP/1.1" 304 0 "http://github.com" "Go-http-client/1.1"
10.0.0.5 - - [10/Jul/2026:12:01:32 +0000] "PUT /static/css/main.css HTTP/1.1" 404 0 "http://github.com" "Mozilla/5.0 (Macintosh; Intel Mac OS X 10_15_7)"
192.168.1.1 - - [10/Jul/2026:12:01:34 +0000] "DELETE /index.html HTTP/1.1" 503 0 "http://google.com" "Mozilla/5.0 (Linux; Android 10; SM-A505F)"
2001:db8::1 - - [10/Jul/2026:12:01:36 +0000] "DELETE /images/logo.png HTTP/1.1" 503 0 "-" "Mozilla/5.0 (Windows NT 10.0; Win64; x64) AppleWebKit/537.36"
8.8.8.8 - - [10/Jul/2026:12:01:38 +0000] "PUT /api/v1/login HTTP/1.1" 500 0 "http://localhost:8080/" "curl/7.68.0"
192.168.1.1 - - [10/Jul/2026:12:01:40 +0000] "POST /api/v1/users HTTP/1.1" 301 0 "http://google.com" "Go-http-client/1.1"
10.0.0.5 - - [10/Jul/2026:12:01:42 +0000] "PUT /api/v1/login HTTP/1.1" 404 0 "http://localhost:8080/" "curl/7.68.0"
127.0.0.1 - - [10/Jul/2026:12:01:44 +0000] "GET /images/logo.png HTTP/1.1" 400 0 "http://github.com" "Mozilla/5.0 (Windows NT 10.0; Win64; x64) AppleWebKit/537.36"
127.0.0.1 - - [10/Jul/2026:12:01:46 +0000] "HEAD /static/css/main.css HTTP/1.1" 400 0 "-" "Mozilla/5.0 (Macintosh; Intel Mac OS X 10_15_7)"
8.8.8.8 - - [10/Jul/2026:12:01:48 +0000] "POST /index.html HTTP/1.1" 400 0 "http://localhost:8080/" "Mozilla/5.0 (Linux; Android 10; SM-A505F)"
2001:db8::1 - - [10/Jul/2026:12:01:50 +0000] "GET /images/logo.png HTTP/1.1" 301 0 "http://localhost:8080/" "Go-http-client/1.1"
127.0.0.1 - - [10/Jul/2026:12:01:52 +0000] "HEAD /api/v1/login HTTP/1.1" 200 25031 "http://google.com" "Go-http-client/1.1"
2001:db8::1 - - [10/Jul/2026:12:01:54 +0000] "DELETE /api/v1/login HTTP/1.1" 404 0 "http://localhost:8080/" "Mozilla/5.0 (Linux; Android 10; SM-A505F)"
8.8.8.8 - - [10/Jul/2026:12:01:56 +0000] "DELETE /api/v1/users HTTP/1.1" 500 0 "-" "Go-http-client/1.1"
10.0.0.5 - - [10/Jul/2026:12:01:58 +0000] "GET /static/css/main.css HTTP/1.1" 200 9035 "http://google.com" "curl/7.68.0"
192.168.1.1 - - [10/Jul/2026:12:02:00 +0000] "GET /api/v1/login HTTP/1.1" 200 12651 "http://google.com" "Mozilla/5.0 (Linux; Android 10; SM-A505F)"
8.8.8.8 - - [10/Jul/2026:12:02:02 +0000] "GET /api/v1/users HTTP/1.1" 200 34497 "http://localhost:8080/" "Mozilla/5.0 (Macintosh; Intel Mac OS X 10_15_7)"
2001:db8::1 - - [10/Jul/2026:12:02:04 +0000] "GET /index.html HTTP/1.1" 403 0 "http://localhost:8080/" "curl/7.68.0"
10.0.0.5 - - [10/Jul/2026:12:02:06 +0000] "POST /images/logo.png HTTP/1.1" 301 0 "http://github.com" "Go-http-client/1.1"
192.168.1.1 - - [10/Jul/2026:12:02:08 +0000] "HEAD /images/logo.png HTTP/1.1" 404 0 "http://localhost:8080/" "Mozilla/5.0 (Windows NT 10.0; Win64; x64) AppleWebKit/537.36"
2001:db8::1 - - [10/Jul/2026:12:02:10 +0000] "DELETE /static/css/main.css HTTP/1.1" 404 0 "http://github.com" "Mozilla/5.0 (Macintosh; Intel Mac OS X 10_15_7)"
8.8.8.8 - - [10/Jul/2026:12:02:12 +0000] "DELETE /index.html HTTP/1.1" 400 0 "http://github.com" "Go-http-client/1.1"
2001:db8::1 - - [10/Jul/2026:12:02:14 +0000] "HEAD /index.html HTTP/1.1" 403 0 "http://github.com" "Go-http-client/1.1"
8.8.8.8 - - [10/Jul/2026:12:02:16 +0000] "HEAD /index.html HTTP/1.1" 301 0 "http://google.com" "curl/7.68.0"
127.0.0.1 - - [10/Jul/2026:12:02:18 +0000] "PUT /index.html HTTP/1.1" 200 27171 "http://google.com" "Go-http-client/1.1"
8.8.8.8 - - [10/Jul/2026:12:02:20 +0000] "GET /index.html HTTP/1.1" 301 0 "http://localhost:8080/" "Go-http-client/1.1"
192.168.1.1 - - [10/Jul/2026:12:02:22 +0000] "POST /images/logo.png HTTP/1.1" 200 259 "http://github.com" "Mozilla/5.0 (Macintosh; Intel Mac OS X 10_15_7)"
127.0.0.1 - - [10/Jul/2026:12:02:24 +0000] "DELETE /static/css/main.css HTTP/1.1" 500 0 "http://google.com" "Mozilla/5.0 (Linux; Android 10; SM-A505F)"
127.0.0.1 - - [10/Jul/2026:12:02:26 +0000] "POST /images/logo.png HTTP/1.1" 200 32043 "-" "Mozilla/5.0 (Linux; Android 10; SM-A505F)"
10.0.0.5 - - [10/Jul/2026:12:02:28 +0000] "POST /images/logo.png HTTP/1.1" 200 36618 "http://github.com" "Mozilla/5.0 (Linux; Android 10; SM-A505F)"
10.0.0.5 - - [10/Jul/2026:12:02:30 +0000] "HEAD /api/v1/users HTTP/1.1" 503 0 "-" "Mozilla/5.0 (Linux; Android 10; SM-A505F)"
192.168.1.1 - - [10/Jul/2026:12:02:32 +0000] "POST /api/v1/login HTTP/1.1" 200 49292 "-" "Mozilla/5.0 (Linux; Android 10; SM-A505F)"
192.168.1.1 - - [10/Jul/2026:12:02:34 +0000] "GET /static/css/main.css HTTP/1.1" 200 36814 "http://github.com" "Go-http-client/1.1"
10.0.0.5 - - [10/Jul/2026:12:02:36 +0000] "HEAD /api/v1/login HTTP/1.1" 200 22945 "-" "Mozilla/5.0 (Linux; Android 10; SM-A505F)"
10.0.0.5 - - [10/Jul/2026:12:02:38 +0000] "HEAD /index.html HTTP/1.1" 200 9331 "http://google.com" "Mozilla/5.0 (Linux; Android 10; SM-A505F)"
8.8.8.8 - - [10/Jul/2026:12:02:40 +0000] "HEAD /api/v1/login HTTP/1.1" 404 0 "http://github.com" "Mozilla/5.0 (Macintosh; Intel Mac OS X 10_15_7)"
10.0.0.5 - - [10/Jul/2026:12:02:42 +0000] "GET /api/v1/users HTTP/1.1" 200 41218 "-" "Mozilla/5.0 (Windows NT 10.0; Win64; x64) AppleWebKit/537.36"
127.0.0.1 - - [10/Jul/2026:12:02:44 +0000] "DELETE /api/v1/users HTTP/1.1" 403 0 "http://localhost:8080/" "Mozilla/5.0 (Windows NT 10.0; Win64; x64) AppleWebKit/537.36"
2001:db8::1 - - [10/Jul/2026:12:02:46 +0000] "PUT /api/v1/login HTTP/1.1" 403 0 "http://google.com" "Mozilla/5.0 (Windows NT 10.0; Win64; x64) AppleWebKit/537.36"
8.8.8.8 - - [10/Jul/2026:12:02:48 +0000] "PUT /index.html HTTP/1.1" 304 0 "http://google.com" "curl/7.68.0"
2001:db8::1 - - [10/Jul/2026:12:02:50 +0000] "DELETE /static/css/main.css HTTP/1.1" 400 0 "http://localhost:8080/" "curl/7.68.0"
10.0.0.5 - - [10/Jul/2026:12:02:52 +0000] "POST /index.html HTTP/1.1" 403 0 "http://localhost:8080/" "Mozilla/5.0 (Linux; Android 10; SM-A505F)"
192.168.1.1 - - [10/Jul/2026:12:02:54 +0000] "DELETE /static/css/main.css HTTP/1.1" 200 47878 "http://google.com" "Mozilla/5.0 (Windows NT 10.0; Win64; x64) AppleWebKit/537.36"
8.8.8.8 - - [10/Jul/2026:12:02:56 +0000] "HEAD /static/css/main.css HTTP/1.1" 301 0 "http://google.com" "Mozilla/5.0 (Macintosh; Intel Mac OS X 10_15_7)"
127.0.0.1 - - [10/Jul/2026:12:02:58 +0000] "POST /api/v1/login HTTP/1.1" 500 0 "http://localhost:8080/" "Mozilla/5.0 (Linux; Android 10; SM-A505F)"
8.8.8.8 - - [10/Jul/2026:12:03:00 +0000] "HEAD /api/v1/login HTTP/1.1" 200 12681 "-" "Mozilla/5.0 (Macintosh; Intel Mac OS X 10_15_7)"
2001:db8::1 - - [10/Jul/2026:12:03:02 +0000] "HEAD /index.html HTTP/1.1" 403 0 "http://google.com" "Mozilla/5.0 (Linux; Android 10; SM-A505F)"
10.0.0.5 - - [10/Jul/2026:12:03:04 +0000] "POST /static/css/main.css HTTP/1.1" 400 0 "http://localhost:8080/" "Mozilla/5.0 (Windows NT 10.0; Win64; x64) AppleWebKit/537.36"
2001:db8::1 - - [10/Jul/2026:12:03:06 +0000] "PUT /api/v1/users HTTP/1.1" 200 31998 "http://github.com" "Mozilla/5.0 (Windows NT 10.0; Win64; x64) AppleWebKit/537.36"
2001:db8::1 - - [10/Jul/2026:12:03:08 +0000] "GET /api/v1/login HTTP/1.1" 404 0 "-" "Mozilla/5.0 (Macintosh; Intel Mac OS X 10_15_7)"
10.0.0.5 - - [10/Jul/2026:12:03:10 +0000] "HEAD /images/logo.png HTTP/1.1" 500 0 "http://github.com" "Mozilla/5.0 (Macintosh; Intel Mac OS X 10_15_7)"
10.0.0.5 - - [10/Jul/2026:12:03:12 +0000] "PUT /images/logo.png HTTP/1.1" 304 0 "http://localhost:8080/" "Mozilla/5.0 (Windows NT 10.0; Win64; x64) AppleWebKit/537.36"
10.0.0.5 - - [10/Jul/2026:12:03:14 +0000] "POST /api/v1/users HTTP/1.1" 400 0 "-" "Go-http-client/1.1"
192.168.1.1 - - [10/Jul/2026:12:03:16 +0000] "DELETE /index.html HTTP/1.1" 400 0 "http://google.com" "Mozilla/5.0 (Windows NT 10.0; Win64; x64) AppleWebKit/537.36"
127.0.0.1 - - [10/Jul/2026:12:03:18 +0000] "GET /api/v1/users HTTP/1.1" 301 0 "http://google.com" "Mozilla/5.0 (Windows NT 10.0; Win64; x64) AppleWebKit/537.36"
corrupted line that doesn't match nginx regex
8.8.8.8 - - [10/Jul/2026:12:03:22 +0000] "HEAD /api/v1/users HTTP/1.1" 404 0 "http://github.com" "Go-http-client/1.1"
192.168.1.1 - - [10/Jul/2026:12:03:24 +0000] "GET /api/v1/users HTTP/1.1" 404 0 "http://github.com" "curl/7.68.0"
192.168.1.1 - - [10/Jul/2026:12:03:26 +0000] "PUT /index.html HTTP/1.1" 403 0 "http://localhost:8080/" "Mozilla/5.0 (Windows NT 10.0; Win64; x64) AppleWebKit/537.36"
192.168.1.1 - - [10/Jul/2026:12:03:28 +0000] "DELETE /static/css/main.css HTTP/1.1" 400 0 "http://github.com" "Mozilla/5.0 (Macintosh; Intel Mac OS X 10_15_7)"
192.168.1.1 - - [10/Jul/2026:12:03:30 +0000] "PUT /static/css/main.css HTTP/1.1" 200 9033 "http://localhost:8080/" "Go-http-client/1.1"
192.168.1.1 - - [10/Jul/2026:12:03:32 +0000] "DELETE /index.html HTTP/1.1" 404 0 "http://google.com" "Go-http-client/1.1"
192.168.1.1 - - [10/Jul/2026:12:03:34 +0000] "DELETE /api/v1/users HTTP/1.1" 403 0 "-" "Mozilla/5.0 (Macintosh; Intel Mac OS X 10_15_7)"
127.0.0.1 - - [10/Jul/2026:12:03:36 +0000] "DELETE /api/v1/login HTTP/1.1" 200 9317 "http://google.com" "Mozilla/5.0 (Linux; Android 10; SM-A505F)"
8.8.8.8 - - [10/Jul/2026:12:03:38 +0000] "POST /static/css/main.css HTTP/1.1" 200 10200 "http://github.com" "Go-http-client/1.1"
10.0.0.5 - - [10/Jul/2026:12:03:40 +0000] "GET /static/css/main.css HTTP/1.1" 304 0 "http://localhost:8080/" "Mozilla/5.0 (Windows NT 10.0; Win64; x64) AppleWebKit/537.36"
192.168.1.1 - - [10/Jul/2026:12:03:42 +0000] "PUT /images/logo.png HTTP/1.1" 200 16161 "http://google.com" "curl/7.68.0"
8.8.8.8 - - [10/Jul/2026:12:03:44 +0000] "POST /api/v1/login HTTP/1.1" 200 17580 "http://google.com" "Mozilla/5.0 (Windows NT 10.0; Win64; x64) AppleWebKit/537.36"
2001:db8::1 - - [10/Jul/2026:12:03:46 +0000] "GET /images/logo.png HTTP/1.1" 304 0 "http://localhost:8080/" "Mozilla/5.0 (Linux; Android 10; SM-A505F)"
127.0.0.1 - - [10/Jul/2026:12:03:48 +0000] "HEAD /static/css/main.css HTTP/1.1" 403 0 "http://github.com" "Mozilla/5.0 (Linux; Android 10; SM-A505F)"
2001:db8::1 - - [10/Jul/2026:12:03:50 +0000] "GET /api/v1/users HTTP/1.1" 200 31834 "http://localhost:8080/" "Mozilla/5.0 (Windows NT 10.0; Win64; x64) AppleWebKit/537.36"
192.168.1.1 - - [10/Jul/2026:12:03:52 +0000] "HEAD /images/logo.png HTTP/1.1" 304 0 "http://localhost:8080/" "Mozilla/5.0 (Macintosh; Intel Mac OS X 10_15_7)"
2001:db8::1 - - [10/Jul/2026:12:03:54 +0000] "PUT /images/logo.png HTTP/1.1" 404 0 "http://github.com" "Mozilla/5.0 (Linux; Android 10; SM-A505F)"
192.168.1.1 - - [10/Jul/2026:12:03:56 +0000] "POST /api/v1/login HTTP/1.1" 503 0 "-" "Mozilla/5.0 (Windows NT 10.0; Win64; x64) AppleWebKit/537.36"
8.8.8.8 - - [10/Jul/2026:12:03:58 +0000] "POST /index.html HTTP/1.1" 200 39970 "http://localhost:8080/" "curl/7.68.0"
127.0.0.1 - - [10/Jul/2026:12:04:00 +0000] "POST /api/v1/users HTTP/1.1" 400 0 "http://localhost:8080/" "Mozilla/5.0 (Macintosh; Intel Mac OS X 10_15_7)"
127.0.0.1 - - [10/Jul/2026:12:04:02 +0000] "POST /api/v1/login HTTP/1.1" 404 0 "-" "Go-http-client/1.1"
192.168.1.1 - - [10/Jul/2026:12:04:04 +0000] "HEAD /api/v1/login HTTP/1.1" 200 28399 "http://github.com" "Mozilla/5.0 (Linux; Android 10; SM-A505F)"
8.8.8.8 - - [10/Jul/2026:12:04:06 +0000] "DELETE /images/logo.png HTTP/1.1" 403 0 "http://github.com" "Mozilla/5.0 (Linux; Android 10; SM-A505F)"
8.8.8.8 - - [10/Jul/2026:12:04:08 +0000] "DELETE /static/css/main.css HTTP/1.1" 200 32025 "-" "Mozilla/5.0 (Windows NT 10.0; Win64; x64) AppleWebKit/537.36"
192.168.1.1 - - [10/Jul/2026:12:04:10 +0000] "PUT /static/css/main.css HTTP/1.1" 200 41527 "-" "Mozilla/5.0 (Windows NT 10.0; Win64; x64) AppleWebKit/537.36"
8.8.8.8 - - [10/Jul/2026:12:04:12 +0000] "GET /static/css/main.css HTTP/1.1" 200 23805 "http://localhost:8080/" "Mozilla/5.0 (Linux; Android 10; SM-A505F)"
10.0.0.5 - - [10/Jul/2026:12:04:14 +0000] "DELETE /static/css/main.css HTTP/1.1" 404 0 "http://github.com" "Mozilla/5.0 (Macintosh; Intel Mac OS X 10_15_7)"
127.0.0.1 - - [10/Jul/2026:12:04:16 +0000] "HEAD /static/css/main.css HTTP/1.1" 200 39807 "http://localhost:8080/" "Mozilla/5.0 (Linux; Android 10; SM-A505F)"
192.168.1.1 - - [10/Jul/2026:12:04:18 +0000] "POST /index.html HTTP/1.1" 301 0 "http://github.com" "Mozilla/5.0 (Macintosh; Intel Mac OS X 10_15_7)"
127.0.0.1 - - [10/Jul/2026:12:04:20 +0000] "DELETE /images/logo.png HTTP/1.1" 404 0 "http://google.com" "curl/7.68.0"
10.0.0.5 - - [10/Jul/2026:12:04:22 +0000] "POST /index.html HTTP/1.1" 301 0 "-" "Mozilla/5.0 (Macintosh; Intel Mac OS X 10_15_7)"
192.168.1.1 - - [10/Jul/2026:12:04:24 +0000] "GET /api/v1/users HTTP/1.1" 200 31989 "http://github.com" "Mozilla/5.0 (Macintosh; Intel Mac OS X 10_15_7)"
2001:db8::1 - - [10/Jul/2026:12:04:26 +0000] "PUT /static/css/main.css HTTP/1.1" 301 0 "http://google.com" "curl/7.68.0"
127.0.0.1 - - [10/Jul/2026:12:04:28 +0000] "POST /index.html HTTP/1.1" 200 10900 "http://github.com" "Mozilla/5.0 (Macintosh; Intel Mac OS X 10_15_7)"
8.8.8.8 - - [10/Jul/2026:12:04:30 +0000] "PUT /api/v1/login HTTP/1.1" 403 0 "-" "Mozilla/5.0 (Linux; Android 10; SM-A505F)"
2001:db8::1 - - [10/Jul/2026:12:04:32 +0000] "HEAD /api/v1/login HTTP/1.1" 404 0 "http://google.com" "Go-http-client/1.1"
2001:db8::1 - - [10/Jul/2026:12:04:34 +0000] "DELETE /static/css/main.css HTTP/1.1" 500 0 "-" "Mozilla/5.0 (Macintosh; Intel Mac OS X 10_15_7)"
8.8.8.8 - - [10/Jul/2026:12:04:36 +0000] "GET /api/v1/users HTTP/1.1" 503 0 "-" "Mozilla/5.0 (Macintosh; Intel Mac OS X 10_15_7)"
192.168.1.1 - - [10/Jul/2026:12:04:38 +0000] "POST /api/v1/login HTTP/1.1" 200 11796 "-" "Mozilla/5.0 (Macintosh; Intel Mac OS X 10_15_7)"
10.0.0.5 - - [10/Jul/2026:12:04:40 +0000] "DELETE /index.html HTTP/1.1" 200 12406 "http://google.com" "Mozilla/5.0 (Windows NT 10.0; Win64; x64) AppleWebKit/537.36"
8.8.8.8 - - [10/Jul/2026:12:04:42 +0000] "PUT /images/logo.png HTTP/1.1" 200 15698 "http://localhost:8080/" "Mozilla/5.0 (Linux; Android 10; SM-A505F)"
10.0.0.5 - - [10/Jul/2026:12:04:44 +0000] "GET /api/v1/users HTTP/1.1" 200 36611 "http://localhost:8080/" "Go-http-client/1.1"
8.8.8.8 - - [10/Jul/2026:12:04:46 +0000] "PUT /api/v1/login HTTP/1.1" 301 0 "http://localhost:8080/" "Go-http-client/1.1"
2001:db8::1 - - [10/Jul/2026:12:04:48 +0000] "GET /index.html HTTP/1.1" 304 0 "http://localhost:8080/" "Mozilla/5.0 (Macintosh; Intel Mac OS X 10_15_7)"
192.168.1.1 - - [10/Jul/2026:12:04:50 +0000] "GET /index.html HTTP/1.1" 200 47306 "-" "curl/7.68.0"
2001:db8::1 - - [10/Jul/2026:12:04:52 +0000] "DELETE /api/v1/users HTTP/1.1" 304 0 "http://github.com" "Mozilla/5.0 (Windows NT 10.0; Win64; x64) AppleWebKit/537.36"
8.8.8.8 - - [10/Jul/2026:12:04:54 +0000] "HEAD /images/logo.png HTTP/1.1" 503 0 "http://localhost:8080/" "curl/7.68.0"
8.8.8.8 - - [10/Jul/2026:12:04:56 +0000] "PUT /index.html HTTP/1.1" 400 0 "-" "Mozilla/5.0 (Windows NT 10.0; Win64; x64) AppleWebKit/537.36"
8.8.8.8 - - [10/Jul/2026:12:04:58 +0000] "GET /api/v1/users HTTP/1.1" 500 0 "http://google.com" "Mozilla/5.0 (Macintosh; Intel Mac OS X 10_15_7)"
10.0.0.5 - - [10/Jul/2026:12:05:00 +0000] "DELETE /api/v1/login HTTP/1.1" 200 4389 "http://google.com" "Mozilla/5.0 (Windows NT 10.0; Win64; x64) AppleWebKit/537.36"
10.0.0.5 - - [10/Jul/2026:12:05:02 +0000] "DELETE /api/v1/login HTTP/1.1" 404 0 "http://github.com" "Mozilla/5.0 (Linux; Android 10; SM-A505F)"
8.8.8.8 - - [10/Jul/2026:12:05:04 +0000] "GET /api/v1/users HTTP/1.1" 301 0 "-" "Mozilla/5.0 (Windows NT 10.0; Win64; x64) AppleWebKit/537.36"
8.8.8.8 - - [10/Jul/2026:12:05:06 +0000] "POST /api/v1/users HTTP/1.1" 503 0 "http://github.com" "curl/7.68.0"
8.8.8.8 - - [10/Jul/2026:12:05:08 +0000] "HEAD /images/logo.png HTTP/1.1" 403 0 "http://google.com" "Go-http-client/1.1"
127.0.0.1 - - [10/Jul/2026:12:05:10 +0000] "GET /index.html HTTP/1.1" 200 46985 "-" "Go-http-client/1.1"
10.0.0.5 - - [10/Jul/2026:12:05:12 +0000] "PUT /index.html HTTP/1.1" 400 0 "http://localhost:8080/" "Go-http-client/1.1"
192.168.1.1 - - [10/Jul/2026:12:05:14 +0000] "GET /api/v1/users HTTP/1.1" 200 21120 "http://google.com" "Go-http-client/1.1"
10.0.0.5 - - [10/Jul/2026:12:05:16 +0000] "POST /images/logo.png HTTP/1.1" 500 0 "http://localhost:8080/" "curl/7.68.0"
8.8.8.8 - - [10/Jul/2026:12:05:18 +0000] "DELETE /index.html HTTP/1.1" 301 0 "http://localhost:8080/" "curl/7.68.0"
127.0.0.1 - - [10/Jul/2026:12:05:20 +0000] "POST /index.html HTTP/1.1" 404 0 "http://google.com" "Mozilla/5.0 (Macintosh; Intel Mac OS X 10_15_7)"
127.0.0.1 - - [10/Jul/2026:12:05:22 +0000] "GET /api/v1/users HTTP/1.1" 301 0 "http://github.com" "Go-http-client/1.1"
8.8.8.8 - - [10/Jul/2026:12:05:24 +0000] "PUT /static/css/main.css HTTP/1.1" 404 0 "-" "Mozilla/5.0 (Windows NT 10.0; Win64; x64) AppleWebKit/537.36"
192.168.1.1 - - [10/Jul/2026:12:05:26 +0000] "PUT /images/logo.png HTTP/1.1" 503 0 "http://github.com" "Mozilla/5.0 (Windows NT 10.0; Win64; x64) AppleWebKit/537.36"
192.168.1.1 - - [10/Jul/2026:12:05:28 +0000] "PUT /api/v1/login HTTP/1.1" 200 45322 "http://github.com" "curl/7.68.0"
2001:db8::1 - - [10/Jul/2026:12:05:30 +0000] "POST /api/v1/login HTTP/1.1" 200 38509 "http://localhost:8080/" "Mozilla/5.0 (Linux; Android 10; SM-A505F)"
2001:db8::1 - - [10/Jul/2026:12:05:32 +0000] "POST /static/css/main.css HTTP/1.1" 304 0 "http://google.com" "Mozilla/5.0 (Macintosh; Intel Mac OS X 10_15_7)"
127.0.0.1 - - [10/Jul/2026:12:05:34 +0000] "POST /api/v1/users HTTP/1.1" 200 30551 "http://localhost:8080/" "Mozilla/5.0 (Windows NT 10.0; Win64; x64) AppleWebKit/537.36"
10.0.0.5 - - [10/Jul/2026:12:05:36 +0000] "GET /index.html HTTP/1.1" 200 25827 "http://google.com" "Mozilla/5.0 (Windows NT 10.0; Win64; x64) AppleWebKit/537.36"
127.0.0.1 - - [10/Jul/2026:12:05:38 +0000] "HEAD /api/v1/login HTTP/1.1" 403 0 "http://github.com" "Go-http-client/1.1"
8.8.8.8 - - [10/Jul/2026:12:05:40 +0000] "PUT /static/css/main.css HTTP/1.1" 301 0 "http://github.com" "Mozilla/5.0 (Macintosh; Intel Mac OS X 10_15_7)"
192.168.1.1 - - [10/Jul/2026:12:05:42 +0000] "POST /index.html HTTP/1.1" 200 19297 "http://github.com" "Mozilla/5.0 (Macintosh; Intel Mac OS X 10_15_7)"
127.0.0.1 - - [10/Jul/2026:12:05:44 +0000] "GET /index.html HTTP/1.1" 403 0 "http://google.com" "curl/7.68.0"
10.0.0.5 - - [10/Jul/2026:12:05:46 +0000] "HEAD /static/css/main.css HTTP/1.1" 200 49258 "http://google.com" "Mozilla/5.0 (Windows NT 10.0; Win64; x64) AppleWebKit/537.36"
2001:db8::1 - - [10/Jul/2026:12:05:48 +0000] "GET /static/css/main.css HTTP/1.1" 503 0 "http://localhost:8080/" "Go-http-client/1.1"
192.168.1.1 - - [10/Jul/2026:12:05:50 +0000] "PUT /api/v1/users HTTP/1.1" 200 27394 "http://localhost:8080/" "curl/7.68.0"
8.8.8.8 - - [10/Jul/2026:12:05:52 +0000] "POST /index.html HTTP/1.1" 500 0 "-" "curl/7.68.0"
192.168.1.1 - - [10/Jul/2026:12:05:54 +0000] "GET /images/logo.png HTTP/1.1" 301 0 "http://google.com" "Mozilla/5.0 (Macintosh; Intel Mac OS X 10_15_7)"
2001:db8::1 - - [10/Jul/2026:12:05:56 +0000] "PUT /api/v1/login HTTP/1.1" 301 0 "http://localhost:8080/" "Mozilla/5.0 (Windows NT 10.0; Win64; x64) AppleWebKit/537.36"
2001:db8::1 - - [10/Jul/2026:12:05:58 +0000] "HEAD /images/logo.png HTTP/1.1" 200 38471 "http://github.com" "Mozilla/5.0 (Windows NT 10.0; Win64; x64) AppleWebKit/537.36"
10.0.0.5 - - [10/Jul/2026:12:06:00 +0000] "HEAD /static/css/main.css HTTP/1.1" 304 0 "http://localhost:8080/" "Mozilla/5.0 (Linux; Android 10; SM-A505F)"
10.0.0.5 - - [10/Jul/2026:12:06:02 +0000] "GET /images/logo.png HTTP/1.1" 500 0 "http://github.com" "Go-http-client/1.1"
10.0.0.5 - - [10/Jul/2026:12:06:04 +0000] "POST /api/v1/login HTTP/1.1" 301 0 "http://localhost:8080/" "Mozilla/5.0 (Macintosh; Intel Mac OS X 10_15_7)"
127.0.0.1 - - [10/Jul/2026:12:06:06 +0000] "POST /images/logo.png HTTP/1.1" 200 7544 "http://google.com" "curl/7.68.0"
8.8.8.8 - - [10/Jul/2026:12:06:08 +0000] "GET /images/logo.png HTTP/1.1" 200 29075 "http://google.com" "Mozilla/5.0 (Windows NT 10.0; Win64; x64) AppleWebKit/537.36"
10.0.0.5 - - [10/Jul/2026:12:06:10 +0000] "DELETE /images/logo.png HTTP/1.1" 200 45355 "http://localhost:8080/" "Go-http-client/1.1"
192.168.1.1 - - [10/Jul/2026:12:06:12 +0000] "DELETE /api/v1/login HTTP/1.1" 403 0 "http://localhost:8080/" "Mozilla/5.0 (Macintosh; Intel Mac OS X 10_15_7)"
8.8.8.8 - - [10/Jul/2026:12:06:14 +0000] "GET /api/v1/login HTTP/1.1" 301 0 "http://localhost:8080/" "Mozilla/5.0 (Windows NT 10.0; Win64; x64) AppleWebKit/537.36"
127.0.0.1 - - [10/Jul/2026:12:06:16 +0000] "HEAD /api/v1/users HTTP/1.1" 404 0 "http://localhost:8080/" "Mozilla/5.0 (Macintosh; Intel Mac OS X 10_15_7)"
192.168.1.1 - - [10/Jul/2026:12:06:18 +0000] "PUT /index.html HTTP/1.1" 403 0 "http://google.com" "Mozilla/5.0 (Macintosh; Intel Mac OS X 10_15_7)"
10.0.0.5 - - [10/Jul/2026:12:06:20 +0000] "HEAD /index.html HTTP/1.1" 404 0 "http://localhost:8080/" "curl/7.68.0"
8.8.8.8 - - [10/Jul/2026:12:06:22 +0000] "GET /static/css/main.css HTTP/1.1" 200 28870 "http://github.com" "Go-http-client/1.1"
10.0.0.5 - - [10/Jul/2026:12:06:24 +0000] "GET /api/v1/login HTTP/1.1" 200 9807 "-" "Mozilla/5.0 (Macintosh; Intel Mac OS X 10_15_7)"
10.0.0.5 - - [10/Jul/2026:12:06:26 +0000] "PUT /api/v1/users HTTP/1.1" 304 0 "http://google.com" "Mozilla/5.0 (Windows NT 10.0; Win64; x64) AppleWebKit/537.36"
127.0.0.1 - - [10/Jul/2026:12:06:28 +0000] "HEAD /index.html HTTP/1.1" 200 29460 "http://github.com" "Go-http-client/1.1"
8.8.8.8 - - [10/Jul/2026:12:06:30 +0000] "DELETE /index.html HTTP/1.1" 500 0 "http://localhost:8080/" "Mozilla/5.0 (Windows NT 10.0; Win64; x64) AppleWebKit/537.36"
8.8.8.8 - - [10/Jul/2026:12:06:32 +0000] "DELETE /images/logo.png HTTP/1.1" 200 32625 "http://github.com" "Go-http-client/1.1"
192.168.1.1 - - [10/Jul/2026:12:06:34 +0000] "POST /index.html HTTP/1.1" 200 42612 "http://github.com" "Mozilla/5.0 (Macintosh; Intel Mac OS X 10_15_7)"
2001:db8::1 - - [10/Jul/2026:12:06:36 +0000] "HEAD /api/v1/login HTTP/1.1" 200 35871 "http://localhost:8080/" "Go-http-client/1.1"
2001:db8::1 - - [10/Jul/2026:12:06:38 +0000] "DELETE /images/logo.png HTTP/1.1" 200 35854 "http://localhost:8080/" "Mozilla/5.0 (Windows NT 10.0; Win64; x64) AppleWebKit/537.36"
127.0.0.1 - - [10/Jul/2026:12:06:40 +0000] "DELETE /api/v1/users HTTP/1.1" 301 0 "http://github.com" "Mozilla/5.0 (Linux; Android 10; SM-A505F)"
192.168.1.1 - - [10/Jul/2026:12:06:42 +0000] "DELETE /api/v1/users HTTP/1.1" 200 18681 "http://github.com" "Go-http-client/1.1"
8.8.8.8 - - [10/Jul/2026:12:06:44 +0000] "DELETE /api/v1/users HTTP/1.1" 301 0 "-" "Mozilla/5.0 (Windows NT 10.0; Win64; x64) AppleWebKit/537.36"
8.8.8.8 - - [10/Jul/2026:12:06:46 +0000] "PUT /api/v1/login HTTP/1.1" 200 8613 "-" "Mozilla/5.0 (Windows NT 10.0; Win64; x64) AppleWebKit/537.36"
2001:db8::1 - - [10/Jul/2026:12:06:48 +0000] "DELETE /images/logo.png HTTP/1.1" 200 10409 "http://localhost:8080/" "curl/7.68.0"
10.0.0.5 - - [10/Jul/2026:12:06:50 +0000] "GET /api/v1/users HTTP/1.1" 301 0 "http://google.com" "curl/7.68.0"
2001:db8::1 - - [10/Jul/2026:12:06:52 +0000] "HEAD /api/v1/users HTTP/1.1" 301 0 "http://localhost:8080/" "Mozilla/5.0 (Windows NT 10.0; Win64; x64) AppleWebKit/537.36"
192.168.1.1 - - [10/Jul/2026:12:06:54 +0000] "POST /images/logo.png HTTP/1.1" 200 42657 "-" "Mozilla/5.0 (Macintosh; Intel Mac OS X 10_15_7)"
127.0.0.1 - - [10/Jul/2026:12:06:56 +0000] "PUT /api/v1/users HTTP/1.1" 200 10007 "http://github.com" "Go-http-client/1.1"
8.8.8.8 - - [10/Jul/2026:12:06:58 +0000] "PUT /images/logo.png HTTP/1.1" 301 0 "-" "curl/7.68.0"
8.8.8.8 - - [10/Jul/2026:12:07:00 +0000] "HEAD /index.html HTTP/1.1" 404 0 "http://google.com" "Mozilla/5.0 (Macintosh; Intel Mac OS X 10_15_7)"
8.8.8.8 - - [10/Jul/2026:12:07:02 +0000] "HEAD /api/v1/login HTTP/1.1" 503 0 "http://localhost:8080/" "curl/7.68.0"
10.0.0.5 - - [10/Jul/2026:12:07:04 +0000] "HEAD /api/v1/users HTTP/1.1" 404 0 "http://google.com" "Mozilla/5.0 (Macintosh; Intel Mac OS X 10_15_7)"
192.168.1.1 - - [10/Jul/2026:12:07:06 +0000] "POST /api/v1/users HTTP/1.1" 403 0 "http://google.com" "Go-http-client/1.1"
8.8.8.8 - - [10/Jul/2026:12:07:08 +0000] "HEAD /api/v1/login HTTP/1.1" 403 0 "http://github.com" "Mozilla/5.0 (Macintosh; Intel Mac OS X 10_15_7)"
10.0.0.5 - - [10/Jul/2026:12:07:10 +0000] "HEAD /api/v1/login HTTP/1.1" 304 0 "http://github.com" "Mozilla/5.0 (Linux; Android 10; SM-A505F)"
10.0.0.5 - - [10/Jul/2026:12:07:12 +0000] "PUT /static/css/main.css HTTP/1.1" 404 0 "http://github.com" "curl/7.68.0"
127.0.0.1 - - [10/Jul/2026:12:07:14 +0000] "HEAD /index.html HTTP/1.1" 200 33154 "-" "Mozilla/5.0 (Linux; Android 10; SM-A505F)"
192.168.1.1 - - [10/Jul/2026:12:07:16 +0000] "POST /images/logo.png HTTP/1.1" 200 34458 "http://localhost:8080/" "Mozilla/5.0 (Macintosh; Intel Mac OS X 10_15_7)"
8.8.8.8 - - [10/Jul/2026:12:07:18 +0000] "PUT /api/v1/login HTTP/1.1" 301 0 "http://localhost:8080/" "Mozilla/5.0 (Linux; Android 10; SM-A505F)"
10.0.0.5 - - [10/Jul/2026:12:07:20 +0000] "DELETE /api/v1/users HTTP/1.1" 200 37853 "-" "Mozilla/5.0 (Linux; Android 10; SM-A505F)"
127.0.0.1 - - [10/Jul/2026:12:07:22 +0000] "DELETE /images/logo.png HTTP/1.1" 304 0 "http://localhost:8080/" "Mozilla/5.0 (Windows NT 10.0; Win64; x64) AppleWebKit/537.36"
10.0.0.5 - - [10/Jul/2026:12:07:24 +0000] "GET /api/v1/login HTTP/1.1" 400 0 "http://google.com" "curl/7.68.0"
192.168.1.1 - - [10/Jul/2026:12:07:26 +0000] "PUT /index.html HTTP/1.1" 304 0 "http://google.com" "Go-http-client/1.1"
192.168.1.1 - - [10/Jul/2026:12:07:28 +0000] "DELETE /images/logo.png HTTP/1.1" 200 3667 "http://localhost:8080/" "Go-http-client/1.1"
10.0.0.5 - - [10/Jul/2026:12:07:30 +0000] "DELETE /index.html HTTP/1.1" 304 0 "http://github.com" "curl/7.68.0"
192.168.1.1 - - [10/Jul/2026:12:07:32 +0000] "POST /images/logo.png HTTP/1.1" 200 46827 "http://localhost:8080/" "Mozilla/5.0 (Windows NT 10.0; Win64; x64) AppleWebKit/537.36"
10.0.0.5 - - [10/Jul/2026:12:07:34 +0000] "GET /index.html HTTP/1.1" 400 0 "http://localhost:8080/" "Mozilla/5.0 (Windows NT 10.0; Win64; x64) AppleWebKit/537.36"
10.0.0.5 - - [10/Jul/2026:12:07:36 +0000] "HEAD /api/v1/users HTTP/1.1" 304 0 "-" "Mozilla/5.0 (Windows NT 10.0; Win64; x64) AppleWebKit/537.36"
10.0.0.5 - - [10/Jul/2026:12:07:38 +0000] "GET /api/v1/login HTTP/1.1" 503 0 "http://localhost:8080/" "Mozilla/5.0 (Windows NT 10.0; Win64; x64) AppleWebKit/537.36"
8.8.8.8 - - [10/Jul/2026:12:07:40 +0000] "PUT /images/logo.png HTTP/1.1" 200 43732 "http://github.com" "Mozilla/5.0 (Windows NT 10.0; Win64; x64) AppleWebKit/537.36"
8.8.8.8 - - [10/Jul/2026:12:07:42 +0000] "POST /api/v1/login HTTP/1.1" 403 0 "http://localhost:8080/" "Mozilla/5.0 (Macintosh; Intel Mac OS X 10_15_7)"
8.8.8.8 - - [10/Jul/2026:12:07:44 +0000] "PUT /static/css/main.css HTTP/1.1" 403 0 "http://github.com" "Mozilla/5.0 (Linux; Android 10; SM-A505F)"
192.168.1.1 - - [10/Jul/2026:12:07:46 +0000] "HEAD /index.html HTTP/1.1" 500 0 "-" "Mozilla/5.0 (Macintosh; Intel Mac OS X 10_15_7)"
10.0.0.5 - - [10/Jul/2026:12:07:48 +0000] "POST /api/v1/login HTTP/1.1" 404 0 "http://google.com" "Go-http-client/1.1"
8.8.8.8 - - [10/Jul/2026:12:07:50 +0000] "PUT /api/v1/login HTTP/1.1" 200 33077 "http://google.com" "Go-http-client/1.1"
127.0.0.1 - - [10/Jul/2026:12:07:52 +0000] "HEAD /api/v1/users HTTP/1.1" 403 0 "http://google.com" "Go-http-client/1.1"
127.0.0.1 - - [10/Jul/2026:12:07:54 +0000] "PUT /images/logo.png HTTP/1.1" 400 0 "http://localhost:8080/" "Mozilla/5.0 (Linux; Android 10; SM-A505F)"
192.168.1.1 - - [10/Jul/2026:12:07:56 +0000] "DELETE /static/css/main.css HTTP/1.1" 404 0 "-" "Mozilla/5.0 (Linux; Android 10; SM-A505F)"
8.8.8.8 - - [10/Jul/2026:12:07:58 +0000] "HEAD /api/v1/users HTTP/1.1" 500 0 "http://google.com" "Mozilla/5.0 (Windows NT 10.0; Win64; x64) AppleWebKit/537.36"
127.0.0.1 - - [10/Jul/2026:12:08:00 +0000] "HEAD /index.html HTTP/1.1" 200 19460 "-" "curl/7.68.0"
2001:db8::1 - - [10/Jul/2026:12:08:02 +0000] "GET /api/v1/login HTTP/1.1" 200 32578 "http://localhost:8080/" "Go-http-client/1.1"
127.0.0.1 - - [10/Jul/2026:12:08:04 +0000] "POST /images/logo.png HTTP/1.1" 500 0 "http://google.com" "Mozilla/5.0 (Macintosh; Intel Mac OS X 10_15_7)"
192.168.1.1 - - [10/Jul/2026:12:08:06 +0000] "DELETE /static/css/main.css HTTP/1.1" 400 0 "http://google.com" "Go-http-client/1.1"
2001:db8::1 - - [10/Jul/2026:12:08:08 +0000] "GET /api/v1/login HTTP/1.1" 404 0 "-" "curl/7.68.0"
127.0.0.1 - - [10/Jul/2026:12:08:10 +0000] "HEAD /index.html HTTP/1.1" 400 0 "-" "curl/7.68.0"
8.8.8.8 - - [10/Jul/2026:12:08:12 +0000] "POST /api/v1/login HTTP/1.1" 301 0 "http://google.com" "Go-http-client/1.1"
192.168.1.1 - - [10/Jul/2026:12:08:14 +0000] "DELETE /api/v1/login HTTP/1.1" 200 40680 "http://localhost:8080/" "Mozilla/5.0 (Macintosh; Intel Mac OS X 10_15_7)"
192.168.1.1 - - [10/Jul/2026:12:08:16 +0000] "DELETE /index.html HTTP/1.1" 304 0 "http://localhost:8080/" "Mozilla/5.0 (Linux; Android 10; SM-A505F)"
127.0.0.1 - - [10/Jul/2026:12:08:18 +0000] "PUT /api/v1/login HTTP/1.1" 200 22431 "-" "curl/7.68.0"
10.0.0.5 - - [10/Jul/2026:12:08:20 +0000] "PUT /images/logo.png HTTP/1.1" 404 0 "-" "curl/7.68.0"
10.0.0.5 - - [10/Jul/2026:12:08:22 +0000] "HEAD /index.html HTTP/1.1" 404 0 "http://google.com" "Mozilla/5.0 (Linux; Android 10; SM-A505F)"
192.168.1.1 - - [10/Jul/2026:12:08:24 +0000] "POST /index.html HTTP/1.1" 400 0 "-" "Mozilla/5.0 (Macintosh; Intel Mac OS X 10_15_7)"
127.0.0.1 - - [10/Jul/2026:12:08:26 +0000] "POST /api/v1/login HTTP/1.1" 200 36180 "http://github.com" "Mozilla/5.0 (Windows NT 10.0; Win64; x64) AppleWebKit/537.36"
8.8.8.8 - - [10/Jul/2026:12:08:28 +0000] "POST /api/v1/users HTTP/1.1" 200 33871 "-" "Mozilla/5.0 (Windows NT 10.0; Win64; x64) AppleWebKit/537.36"
127.0.0.1 - - [10/Jul/2026:12:08:30 +0000] "PUT /images/logo.png HTTP/1.1" 304 0 "-" "Go-http-client/1.1"
192.168.1.1 - - [10/Jul/2026:12:08:32 +0000] "GET /index.html HTTP/1.1" 304 0 "-" "curl/7.68.0"
127.0.0.1 - - [10/Jul/2026:12:08:34 +0000] "GET /api/v1/users HTTP/1.1" 301 0 "http://localhost:8080/" "Go-http-client/1.1"
8.8.8.8 - - [10/Jul/2026:12:08:36 +0000] "GET /index.html HTTP/1.1" 200 11566 "http://github.com" "curl/7.68.0"
192.168.1.1 - - [10/Jul/2026:12:08:38 +0000] "DELETE /api/v1/login HTTP/1.1" 403 0 "http://github.com" "Mozilla/5.0 (Linux; Android 10; SM-A505F)"
127.0.0.1 - - [10/Jul/2026:12:08:40 +0000] "PUT /images/logo.png HTTP/1.1" 500 0 "http://localhost:8080/" "Mozilla/5.0 (Linux; Android 10; SM-A505F)"
127.0.0.1 - - [10/Jul/2026:12:08:42 +0000] "GET /api/v1/users HTTP/1.1" 304 0 "-" "Go-http-client/1.1"
10.0.0.5 - - [10/Jul/2026:12:08:44 +0000] "GET /api/v1/users HTTP/1.1" 400 0 "-" "Mozilla/5.0 (Windows NT 10.0; Win64; x64) AppleWebKit/537.36"
127.0.0.1 - - [10/Jul/2026:12:08:46 +0000] "DELETE /static/css/main.css HTTP/1.1" 400 0 "http://localhost:8080/" "Mozilla/5.0 (Windows NT 10.0; Win64; x64) AppleWebKit/537.36"
10.0.0.5 - - [10/Jul/2026:12:08:48 +0000] "GET /index.html HTTP/1.1" 301 0 "-" "curl/7.68.0"
127.0.0.1 - - [10/Jul/2026:12:08:50 +0000] "PUT /api/v1/login HTTP/1.1" 403 0 "-" "Mozilla/5.0 (Windows NT 10.0; Win64; x64) AppleWebKit/537.36"
10.0.0.5 - - [10/Jul/2026:12:08:52 +0000] "PUT /static/css/main.css HTTP/1.1" 301 0 "http://github.com" "curl/7.68.0"
127.0.0.1 - - [10/Jul/2026:12:08:54 +0000] "PUT /static/css/main.css HTTP/1.1" 304 0 "http://github.com" "Mozilla/5.0 (Windows NT 10.0; Win64; x64) AppleWebKit/537.36"
192.168.1.1 - - [10/Jul/2026:12:08:56 +0000] "POST /index.html HTTP/1.1" 500 0 "-" "curl/7.68.0"
2001:db8::1 - - [10/Jul/2026:12:08:58 +0000] "PUT /index.html HTTP/1.1" 301 0 "http://localhost:8080/" "Mozilla/5.0 (Linux; Android 10; SM-A505F)"
8.8.8.8 - - [10/Jul/2026:12:09:00 +0000] "PUT /index.html HTTP/1.1" 301 0 "http://github.com" "Mozilla/5.0 (Windows NT 10.0; Win64; x64) AppleWebKit/537.36"
8.8.8.8 - - [10/Jul/2026:12:09:02 +0000] "DELETE /images/logo.png HTTP/1.1" 301 0 "-" "Mozilla/5.0 (Linux; Android 10; SM-A505F)"
2001:db8::1 - - [10/Jul/2026:12:09:04 +0000] "HEAD /index.html HTTP/1.1" 304 0 "http://localhost:8080/" "Go-http-client/1.1"
10.0.0.5 - - [10/Jul/2026:12:09:06 +0000] "HEAD /index.html HTTP/1.1" 200 37127 "http://localhost:8080/" "curl/7.68.0"
127.0.0.1 - - [10/Jul/2026:12:09:08 +0000] "HEAD /index.html HTTP/1.1" 503 0 "http://github.com" "Mozilla/5.0 (Windows NT 10.0; Win64; x64) AppleWebKit/537.36"
127.0.0.1 - - [10/Jul/2026:12:09:10 +0000] "GET /api/v1/users HTTP/1.1" 400 0 "http://github.com" "Mozilla/5.0 (Linux; Android 10; SM-A505F)"
8.8.8.8 - - [10/Jul/2026:12:09:12 +0000] "HEAD /index.html HTTP/1.1" 503 0 "http://github.com" "Mozilla/5.0 (Linux; Android 10; SM-A505F)"
8.8.8.8 - - [10/Jul/2026:12:09:14 +0000] "HEAD /index.html HTTP/1.1" 200 23240 "http://github.com" "Mozilla/5.0 (Windows NT 10.0; Win64; x64) AppleWebKit/537.36"
192.168.1.1 - - [10/Jul/2026:12:09:16 +0000] "GET /api/v1/login HTTP/1.1" 301 0 "-" "Mozilla/5.0 (Linux; Android 10; SM-A505F)"
127.0.0.1 - - [10/Jul/2026:12:09:18 +0000] "PUT /static/css/main.css HTTP/1.1" 200 42324 "http://localhost:8080/" "Go-http-client/1.1"
2001:db8::1 - - [10/Jul/2026:12:09:20 +0000] "DELETE /static/css/main.css HTTP/1.1" 500 0 "http://github.com" "Mozilla/5.0 (Linux; Android 10; SM-A505F)"
2001:db8::1 - - [10/Jul/2026:12:09:22 +0000] "PUT /api/v1/login HTTP/1.1" 400 0 "-" "Go-http-client/1.1"
192.168.1.1 - - [10/Jul/2026:12:09:24 +0000] "PUT /static/css/main.css HTTP/1.1" 503 0 "http://github.com" "Mozilla/5.0 (Macintosh; Intel Mac OS X 10_15_7)"
8.8.8.8 - - [10/Jul/2026:12:09:26 +0000] "GET /api/v1/users HTTP/1.1" 304 0 "http://google.com" "Mozilla/5.0 (Linux; Android 10; SM-A505F)"
127.0.0.1 - - [10/Jul/2026:12:09:28 +0000] "GET /api/v1/login HTTP/1.1" 503 0 "http://google.com" "Go-http-client/1.1"
10.0.0.5 - - [10/Jul/2026:12:09:30 +0000] "POST /index.html HTTP/1.1" 400 0 "http://localhost:8080/" "Go-http-client/1.1"
2001:db8::1 - - [10/Jul/2026:12:09:32 +0000] "PUT /index.html HTTP/1.1" 400 0 "http://google.com" "Go-http-client/1.1"
2001:db8::1 - - [10/Jul/2026:12:09:34 +0000] "HEAD /index.html HTTP/1.1" 503 0 "http://localhost:8080/" "Mozilla/5.0 (Macintosh; Intel Mac OS X 10_15_7)"
10.0.0.5 - - [10/Jul/2026:12:09:36 +0000] "HEAD /index.html HTTP/1.1" 404 0 "http://github.com" "curl/7.68.0"
192.168.1.1 - - [10/Jul/2026:12:09:38 +0000] "GET /api/v1/users HTTP/1.1" 503 0 "http://localhost:8080/" "Mozilla/5.0 (Linux; Android 10; SM-A505F)"
192.168.1.1 - - [10/Jul/2026:12:09:40 +0000] "HEAD /api/v1/users HTTP/1.1" 200 5208 "-" "Mozilla/5.0 (Macintosh; Intel Mac OS X 10_15_7)"
8.8.8.8 - - [10/Jul/2026:12:09:42 +0000] "DELETE /api/v1/login HTTP/1.1" 503 0 "http://google.com" "Mozilla/5.0 (Linux; Android 10; SM-A505F)"
127.0.0.1 - - [10/Jul/2026:12:09:44 +0000] "POST /static/css/main.css HTTP/1.1" 304 0 "http://google.com" "Mozilla/5.0 (Linux; Android 10; SM-A505F)"
10.0.0.5 - - [10/Jul/2026:12:09:46 +0000] "DELETE /api/v1/users HTTP/1.1" 301 0 "http://github.com" "curl/7.68.0"
8.8.8.8 - - [10/Jul/2026:12:09:48 +0000] "GET /index.html HTTP/1.1" 503 0 "http://google.com" "Go-http-client/1.1"
127.0.0.1 - - [10/Jul/2026:12:09:50 +0000] "POST /images/logo.png HTTP/1.1" 304 0 "-" "Go-http-client/1.1"
127.0.0.1 - - [10/Jul/2026:12:09:52 +0000] "DELETE /images/logo.png HTTP/1.1" 200 39406 "-" "Mozilla/5.0 (Windows NT 10.0; Win64; x64) AppleWebKit/537.36"
192.168.1.1 - - [10/Jul/2026:12:09:54 +0000] "DELETE /images/logo.png HTTP/1.1" 403 0 "-" "curl/7.68.0"
10.0.0.5 - - [10/Jul/2026:12:09:56 +0000] "GET /api/v1/users HTTP/1.1" 400 0 "-" "Mozilla/5.0 (Windows NT 10.0; Win64; x64) AppleWebKit/537.36"
127.0.0.1 - - [10/Jul/2026:12:09:58 +0000] "DELETE /api/v1/login HTTP/1.1" 200 29205 "http://github.com" "Mozilla/5.0 (Linux; Android 10; SM-A505F)"
127.0.0.1 - - [10/Jul/2026:12:10:00 +0000] "DELETE /images/logo.png HTTP/1.1" 304 0 "-" "curl/7.68.0"
127.0.0.1 - - [10/Jul/2026:12:10:02 +0000] "GET /api/v1/users HTTP/1.1" 200 990 "-" "Mozilla/5.0 (Macintosh; Intel Mac OS X 10_15_7)"
127.0.0.1 - - [10/Jul/2026:12:10:04 +0000] "POST /index.html HTTP/1.1" 404 0 "-" "Mozilla/5.0 (Macintosh; Intel Mac OS X 10_15_7)"
127.0.0.1 - - [10/Jul/2026:12:10:06 +0000] "DELETE /index.html HTTP/1.1" 200 16254 "http://localhost:8080/" "Mozilla/5.0 (Macintosh; Intel Mac OS X 10_15_7)"
8.8.8.8 - - [10/Jul/2026:12:10:08 +0000] "HEAD /images/logo.png HTTP/1.1" 404 0 "-" "Mozilla/5.0 (Windows NT 10.0; Win64; x64) AppleWebKit/537.36"
10.0.0.5 - - [10/Jul/2026:12:10:10 +0000] "POST /index.html HTTP/1.1" 200 21513 "-" "Mozilla/5.0 (Macintosh; Intel Mac OS X 10_15_7)"
192.168.1.1 - - [10/Jul/2026:12:10:12 +0000] "GET /index.html HTTP/1.1" 404 0 "http://google.com" "Mozilla/5.0 (Macintosh; Intel Mac OS X 10_15_7)"
8.8.8.8 - - [10/Jul/2026:12:10:14 +0000] "POST /api/v1/login HTTP/1.1" 301 0 "http://google.com" "Go-http-client/1.1"
8.8.8.8 - - [10/Jul/2026:12:10:16 +0000] "HEAD /api/v1/users HTTP/1.1" 503 0 "http://github.com" "Mozilla/5.0 (Macintosh; Intel Mac OS X 10_15_7)"
8.8.8.8 - - [10/Jul/2026:12:10:18 +0000] "POST /api/v1/login HTTP/1.1" 301 0 "http://localhost:8080/" "Mozilla/5.0 (Windows NT 10.0; Win64; x64) AppleWebKit/537.36"
192.168.1.1 - - [10/Jul/2026:12:10:20 +0000] "POST /static/css/main.css HTTP/1.1" 304 0 "http://google.com" "Mozilla/5.0 (Windows NT 10.0; Win64; x64) AppleWebKit/537.36"
8.8.8.8 - - [10/Jul/2026:12:10:22 +0000] "PUT /static/css/main.css HTTP/1.1" 200 44131 "http://google.com" "Mozilla/5.0 (Windows NT 10.0; Win64; x64) AppleWebKit/537.36"
127.0.0.1 - - [10/Jul/2026:12:10:24 +0000] "GET /api/v1/login HTTP/1.1" 400 0 "http://google.com" "Go-http-client/1.1"
127.0.0.1 - - [10/Jul/2026:12:10:26 +0000] "HEAD /images/logo.png HTTP/1.1" 301 0 "-" "Go-http-client/1.1"
8.8.8.8 - - [10/Jul/2026:12:10:28 +0000] "POST /api/v1/users HTTP/1.1" 500 0 "http://google.com" "Mozilla/5.0 (Windows NT 10.0; Win64; x64) AppleWebKit/537.36"
10.0.0.5 - - [10/Jul/2026:12:10:30 +0000] "HEAD /static/css/main.css HTTP/1.1" 500 0 "http://google.com" "Mozilla/5.0 (Windows NT 10.0; Win64; x64) AppleWebKit/537.36"
2001:db8::1 - - [10/Jul/2026:12:10:32 +0000] "GET /images/logo.png HTTP/1.1" 500 0 "http://github.com" "Mozilla/5.0 (Linux; Android 10; SM-A505F)"
192.168.1.1 - - [10/Jul/2026:12:10:34 +0000] "HEAD /index.html HTTP/1.1" 200 34752 "http://google.com" "Mozilla/5.0 (Linux; Android 10; SM-A505F)"
192.168.1.1 - - [10/Jul/2026:12:10:36 +0000] "DELETE /index.html HTTP/1.1" 403 0 "http://google.com" "Mozilla/5.0 (Macintosh; Intel Mac OS X 10_15_7)"
10.0.0.5 - - [10/Jul/2026:12:10:38 +0000] "HEAD /api/v1/users HTTP/1.1" 200 32451 "http://google.com" "curl/7.68.0"
192.168.1.1 - - [10/Jul/2026:12:10:40 +0000] "DELETE /images/logo.png HTTP/1.1" 200 22915 "http://localhost:8080/" "Mozilla/5.0 (Linux; Android 10; SM-A505F)"
2001:db8::1 - - [10/Jul/2026:12:10:42 +0000] "HEAD /images/logo.png HTTP/1.1" 304 0 "http://github.com" "Mozilla/5.0 (Linux; Android 10; SM-A505F)"
192.168.1.1 - - [10/Jul/2026:12:10:44 +0000] "PUT /images/logo.png HTTP/1.1" 503 0 "http://github.com" "Go-http-client/1.1"
2001:db8::1 - - [10/Jul/2026:12:10:46 +0000] "DELETE /index.html HTTP/1.1" 301 0 "http://github.com" "Mozilla/5.0 (Linux; Android 10; SM-A505F)"
192.168.1.1 - - [10/Jul/2026:12:10:48 +0000] "GET /api/v1/users HTTP/1.1" 400 0 "http://google.com" "Go-http-client/1.1"
10.0.0.5 - - [10/Jul/2026:12:10:50 +0000] "PUT /api/v1/login HTTP/1.1" 503 0 "http://github.com" "curl/7.68.0"
192.168.1.1 - - [10/Jul/2026:12:10:52 +0000] "PUT /api/v1/login HTTP/1.1" 500 0 "http://github.com" "Go-http-client/1.1"
8.8.8.8 - - [10/Jul/2026:12:10:54 +0000] "POST /index.html HTTP/1.1" 301 0 "http://github.com" "Mozilla/5.0 (Macintosh; Intel Mac OS X 10_15_7)"
2001:db8::1 - - [10/Jul/2026:12:10:56 +0000] "DELETE /api/v1/login HTTP/1.1" 200 14193 "http://github.com" "Mozilla/5.0 (Windows NT 10.0; Win64; x64) AppleWebKit/537.36"
10.0.0.5 - - [10/Jul/2026:12:10:58 +0000] "HEAD /index.html HTTP/1.1" 404 0 "http://google.com" "Mozilla/5.0 (Linux; Android 10; SM-A505F)"
192.168.1.1 - - [10/Jul/2026:12:11:00 +0000] "PUT /api/v1/users HTTP/1.1" 200 49294 "-" "Mozilla/5.0 (Macintosh; Intel Mac OS X 10_15_7)"
10.0.0.5 - - [10/Jul/2026:12:11:02 +0000] "PUT /static/css/main.css HTTP/1.1" 304 0 "http://localhost:8080/" "Mozilla/5.0 (Linux; Android 10; SM-A505F)"
2001:db8::1 - - [10/Jul/2026:12:11:04 +0000] "DELETE /api/v1/login HTTP/1.1" 403 0 "http://localhost:8080/" "Mozilla/5.0 (Macintosh; Intel Mac OS X 10_15_7)"
10.0.0.5 - - [10/Jul/2026:12:11:06 +0000] "PUT /images/logo.png HTTP/1.1" 304 0 "http://github.com" "curl/7.68.0"
10.0.0.5 - - [10/Jul/2026:12:11:08 +0000] "GET /static/css/main.css HTTP/1.1" 400 0 "http://localhost:8080/" "Mozilla/5.0 (Windows NT 10.0; Win64; x64) AppleWebKit/537.36"
8.8.8.8 - - [10/Jul/2026:12:11:10 +0000] "DELETE /static/css/main.css HTTP/1.1" 301 0 "http://localhost:8080/" "curl/7.68.0"
8.8.8.8 - - [10/Jul/2026:12:11:12 +0000] "POST /api/v1/login HTTP/1.1" 403 0 "http://google.com" "Mozilla/5.0 (Linux; Android 10; SM-A505F)"
127.0.0.1 - - [10/Jul/2026:12:11:14 +0000] "HEAD /api/v1/login HTTP/1.1" 404 0 "http://google.com" "Mozilla/5.0 (Linux; Android 10; SM-A505F)"
192.168.1.1 - - [10/Jul/2026:12:11:16 +0000] "POST /api/v1/login HTTP/1.1" 503 0 "-" "Mozilla/5.0 (Linux; Android 10; SM-A505F)"
127.0.0.1 - - [10/Jul/2026:12:11:18 +0000] "HEAD /static/css/main.css HTTP/1.1" 503 0 "http://google.com" "Mozilla/5.0 (Linux; Android 10; SM-A505F)"
192.168.1.1 - - [10/Jul/2026:12:11:20 +0000] "POST /api/v1/users HTTP/1.1" 200 19537 "-" "Mozilla/5.0 (Windows NT 10.0; Win64; x64) AppleWebKit/537.36"
2001:db8::1 - - [10/Jul/2026:12:11:22 +0000] "DELETE /static/css/main.css HTTP/1.1" 404 0 "http://localhost:8080/" "Mozilla/5.0 (Linux; Android 10; SM-A505F)"
8.8.8.8 - - [10/Jul/2026:12:11:24 +0000] "DELETE /api/v1/login HTTP/1.1" 301 0 "http://github.com" "Mozilla/5.0 (Macintosh; Intel Mac OS X 10_15_7)"
127.0.0.1 - - [10/Jul/2026:12:11:26 +0000] "POST /api/v1/login HTTP/1.1" 301 0 "-" "Go-http-client/1.1"
8.8.8.8 - - [10/Jul/2026:12:11:28 +0000] "PUT /static/css/main.css HTTP/1.1" 404 0 "http://github.com" "Mozilla/5.0 (Windows NT 10.0; Win64; x64) AppleWebKit/537.36"
127.0.0.1 - - [10/Jul/2026:12:11:30 +0000] "DELETE /images/logo.png HTTP/1.1" 404 0 "http://github.com" "Mozilla/5.0 (Linux; Android 10; SM-A505F)"
10.0.0.5 - - [10/Jul/2026:12:11:32 +0000] "HEAD /index.html HTTP/1.1" 503 0 "http://localhost:8080/" "Mozilla/5.0 (Macintosh; Intel Mac OS X 10_15_7)"
2001:db8::1 - - [10/Jul/2026:12:11:34 +0000] "POST /api/v1/login HTTP/1.1" 301 0 "http://localhost:8080/" "Mozilla/5.0 (Linux; Android 10; SM-A505F)"
8.8.8.8 - - [10/Jul/2026:12:11:36 +0000] "GET /images/logo.png HTTP/1.1" 200 15255 "-" "Mozilla/5.0 (Macintosh; Intel Mac OS X 10_15_7)"
127.0.0.1 - - [10/Jul/2026:12:11:38 +0000] "DELETE /static/css/main.css HTTP/1.1" 301 0 "http://github.com" "Mozilla/5.0 (Windows NT 10.0; Win64; x64) AppleWebKit/537.36"
2001:db8::1 - - [10/Jul/2026:12:11:40 +0000] "GET /index.html HTTP/1.1" 503 0 "http://google.com" "curl/7.68.0"
8.8.8.8 - - [10/Jul/2026:12:11:42 +0000] "DELETE /index.html HTTP/1.1" 301 0 "http://github.com" "Mozilla/5.0 (Linux; Android 10; SM-A505F)"
127.0.0.1 - - [10/Jul/2026:12:11:44 +0000] "POST /index.html HTTP/1.1" 500 0 "http://google.com" "Mozilla/5.0 (Linux; Android 10; SM-A505F)"
127.0.0.1 - - [10/Jul/2026:12:11:46 +0000] "POST /api/v1/login HTTP/1.1" 200 43172 "-" "Go-http-client/1.1"
8.8.8.8 - - [10/Jul/2026:12:11:48 +0000] "DELETE /images/logo.png HTTP/1.1" 503 0 "-" "Go-http-client/1.1"
10.0.0.5 - - [10/Jul/2026:12:11:50 +0000] "DELETE /api/v1/users HTTP/1.1" 200 40133 "-" "Mozilla/5.0 (Macintosh; Intel Mac OS X 10_15_7)"
10.0.0.5 - - [10/Jul/2026:12:11:52 +0000] "POST /api/v1/login HTTP/1.1" 200 38365 "-" "curl/7.68.0"
127.0.0.1 - - [10/Jul/2026:12:11:54 +0000] "GET /api/v1/login HTTP/1.1" 503 0 "http://google.com" "curl/7.68.0"
127.0.0.1 - - [10/Jul/2026:12:11:56 +0000] "HEAD /static/css/main.css HTTP/1.1" 301 0 "http://github.com" "Mozilla/5.0 (Macintosh; Intel Mac OS X 10_15_7)"
127.0.0.1 - - [10/Jul/2026:12:11:58 +0000] "PUT /api/v1/users HTTP/1.1" 400 0 "http://github.com" "curl/7.68.0"
2001:db8::1 - - [10/Jul/2026:12:12:00 +0000] "POST /api/v1/users HTTP/1.1" 200 2802 "http://github.com" "curl/7.68.0"
2001:db8::1 - - [10/Jul/2026:12:12:02 +0000] "PUT /index.html HTTP/1.1" 404 0 "http://github.com" "Mozilla/5.0 (Windows NT 10.0; Win64; x64) AppleWebKit/537.36"
